Component: ARM Compiler 5.06 update 6 (build 750) Tool: armlink [4d35ed]

==============================================================================

Section Cross References

    startup_lpc17xx.o(STACK) refers (Special) to heapauxi.o(.text) for __use_two_region_memory
    startup_lpc17xx.o(HEAP) refers (Special) to heapauxi.o(.text) for __use_two_region_memory
    startup_lpc17xx.o(RESET) refers (Special) to heapauxi.o(.text) for __use_two_region_memory
    startup_lpc17xx.o(RESET) refers to startup_lpc17xx.o(STACK) for __initial_sp
    startup_lpc17xx.o(RESET) refers to startup_lpc17xx.o(.text) for Reset_Handler
    startup_lpc17xx.o(RESET) refers to irq.o(.text) for SysTick_Handler
    startup_lpc17xx.o(RESET) refers to usbdmain.o(.text) for TIMER0_IRQHandler
    startup_lpc17xx.o(RESET) refers to usbhw.o(.text) for USB_IRQHandler
    startup_lpc17xx.o(.ARM.__at_0x02FC) refers (Special) to heapauxi.o(.text) for __use_two_region_memory
    startup_lpc17xx.o(.text) refers (Special) to heapauxi.o(.text) for __use_two_region_memory
    startup_lpc17xx.o(.text) refers to system_lpc17xx.o(.text) for SystemInit
    startup_lpc17xx.o(.text) refers to __main.o(!!!main) for __main
    startup_lpc17xx.o(.text) refers to startup_lpc17xx.o(HEAP) for Heap_Mem
    startup_lpc17xx.o(.text) refers to startup_lpc17xx.o(STACK) for Stack_Mem
    system_lpc17xx.o(.text) refers to lludivv7m.o(.text) for __aeabi_uldivmod
    system_lpc17xx.o(.text) refers to system_lpc17xx.o(.data) for SystemCoreClock
    glcd_spi_lpc1700.o(.text) refers to glcd_spi_lpc1700.o(.data) for Himax
    glcd_spi_lpc1700.o(.text) refers to glcd_spi_lpc1700.o(.constdata) for Font_6x8_h
    irq.o(.text) refers to irq.o(.data) for ticks
    led.o(.text) refers to led.o(.constdata) for led_mask
    media_center.o(.text) refers to glcd_spi_lpc1700.o(.text) for GLCD_Clear
    media_center.o(.text) refers to kbd.o(.text) for get_button
    media_center.o(.text) refers to photo_gallery.o(.text) for Photo_Gallery
    media_center.o(.text) refers to usbdmain.o(.text) for MP3_Player
    media_center.o(.text) refers to game.o(.text) for Game_Init
    media_center.o(.text) refers to usbhw.o(.text) for USB_Connect
    media_center.o(.text) refers to media_center.o(.data) for music
    photo_gallery.o(.text) refers to glcd_spi_lpc1700.o(.text) for GLCD_Clear
    photo_gallery.o(.text) refers to kbd.o(.text) for get_button
    photo_gallery.o(.text) refers to photo_viewer.o(.text) for Photo_Viewer
    photo_gallery.o(.text) refers to media_center.o(.text) for Media_Center
    photo_gallery.o(.text) refers to photo_gallery.o(.data) for selection2
    photo_viewer.o(.text) refers to glcd_spi_lpc1700.o(.text) for GLCD_Clear
    photo_viewer.o(.text) refers to kbd.o(.text) for get_button
    photo_viewer.o(.text) refers to photo_gallery.o(.text) for Photo_Gallery
    photo_viewer.o(.text) refers to mario.o(.constdata) for MARIO
    photo_viewer.o(.text) refers to maple_leafs.o(.constdata) for MAPLE_LEAFS
    photo_viewer.o(.text) refers to raptors.o(.constdata) for RAPTORS
    photo_viewer.o(.text) refers to blue_jays.o(.constdata) for BLUE_JAYS
    game.o(.text) refers to _printf_percent.o(.ARM.Collect$$_printf_percent$$00000000) for _printf_percent
    game.o(.text) refers to _printf_d.o(.ARM.Collect$$_printf_percent$$00000009) for _printf_d
    game.o(.text) refers to _printf_dec.o(.text) for _printf_int_dec
    game.o(.text) refers to rand.o(.emb_text) for rand
    game.o(.text) refers to glcd_spi_lpc1700.o(.text) for GLCD_Clear
    game.o(.text) refers to kbd.o(.text) for get_button
    game.o(.text) refers to game.o(.data) for randy
    game.o(.text) refers to noretval__2sprintf.o(.text) for __2sprintf
    game.o(.text) refers to media_center.o(.text) for Media_Center
    game.o(.text) refers to game.o(.bss) for score_text
    usbdmain.o(.text) refers to kbd.o(.text) for get_button
    usbdmain.o(.text) refers to usbhw.o(.text) for USB_Connect
    usbdmain.o(.text) refers to system_lpc17xx.o(.text) for SystemClockUpdate
    usbdmain.o(.text) refers to media_center.o(.text) for Media_Center
    usbdmain.o(.text) refers to usbdmain.o(.data) for PotVal
    usbdmain.o(.text) refers to adcuser.o(.data) for VolCur
    usbdmain.o(.text) refers to system_lpc17xx.o(.data) for SystemFrequency
    usbdmain.o(.text) refers to media_center.o(.data) for music
    adcuser.o(.text) refers to usbcore.o(.data) for SetupPacket
    adcuser.o(.text) refers to usbdmain.o(.data) for Mute
    adcuser.o(.text) refers to usbcore.o(.bss) for EP0Buf
    adcuser.o(.text) refers to adcuser.o(.data) for VolCur
    usbcore.o(.text) refers to usbhw.o(.text) for USB_ReadEP
    usbcore.o(.text) refers to usbcore.o(i.USB_ReqGetStatus) for USB_ReqGetStatus
    usbcore.o(.text) refers to usbcore.o(i.USB_ReqSetClrFeature) for USB_ReqSetClrFeature
    usbcore.o(.text) refers to usbcore.o(i.USB_ReqGetDescriptor) for USB_ReqGetDescriptor
    usbcore.o(.text) refers to usbcore.o(i.USB_ReqSetConfiguration) for USB_ReqSetConfiguration
    usbcore.o(.text) refers to usbcore.o(i.USB_ReqSetInterface) for USB_ReqSetInterface
    usbcore.o(.text) refers to adcuser.o(.text) for ADC_IF_GetRequest
    usbcore.o(.text) refers to usbcore.o(.data) for USB_DeviceStatus
    usbcore.o(.text) refers to usbcore.o(.bss) for EP0Buf
    usbhw.o(.text) refers to usbhw.o(.data) for DDMemMap
    usbhw.o(.text) refers to usbhw.o(.bss) for udca
    usbhw.o(.text) refers to usbhw.o(USB_RAM) for UDCA
    usbhw.o(.text) refers to usbcore.o(.data) for USB_DeviceStatus
    usbhw.o(.text) refers to usbuser.o(.text) for USB_Reset_Event
    usbhw.o(.text) refers to usbhw.o(.constdata) for DDAdr
    usbhw.o(.text) refers to usbuser.o(.constdata) for USB_P_EP
    usbuser.o(.text) refers to usbcore.o(.text) for USB_ResetCore
    usbuser.o(.text) refers to usbhw.o(.text) for USB_DMA_BufAdr
    usbuser.o(.text) refers to usbdmain.o(.data) for DataBuf
    usbuser.o(.constdata) refers to usbcore.o(.text) for USB_EndPoint0
    usbuser.o(.constdata) refers to usbuser.o(.text) for USB_EndPoint3
    __2sprintf.o(.text) refers to _printf_char_common.o(.text) for _printf_char_common
    __2sprintf.o(.text) refers to _sputc.o(.text) for _sputc
    noretval__2sprintf.o(.text) refers to _printf_char_common.o(.text) for _printf_char_common
    noretval__2sprintf.o(.text) refers to _sputc.o(.text) for _sputc
    __printf.o(.text) refers to _printf_percent.o(.ARM.Collect$$_printf_percent$$00000000) for _printf_percent
    _printf_dec.o(.text) refers to _printf_intcommon.o(.text) for _printf_int_common
    __printf_flags.o(.text) refers to _printf_percent.o(.ARM.Collect$$_printf_percent$$00000000) for _printf_percent
    __printf_flags.o(.text) refers to __printf_flags.o(.constdata) for .constdata
    __printf_ss.o(.text) refers to _printf_percent.o(.ARM.Collect$$_printf_percent$$00000000) for _printf_percent
    __printf_flags_ss.o(.text) refers to _printf_percent.o(.ARM.Collect$$_printf_percent$$00000000) for _printf_percent
    __printf_flags_ss.o(.text) refers to __printf_flags_ss.o(.constdata) for .constdata
    __printf_wp.o(.text) refers to __printf_wp.o(i._is_digit) for _is_digit
    __printf_wp.o(.text) refers to _printf_percent.o(.ARM.Collect$$_printf_percent$$00000000) for _printf_percent
    __printf_flags_wp.o(.text) refers to __printf_wp.o(i._is_digit) for _is_digit
    __printf_flags_wp.o(.text) refers to _printf_percent.o(.ARM.Collect$$_printf_percent$$00000000) for _printf_percent
    __printf_flags_wp.o(.text) refers to __printf_flags_wp.o(.constdata) for .constdata
    __printf_ss_wp.o(.text) refers to __printf_wp.o(i._is_digit) for _is_digit
    __printf_ss_wp.o(.text) refers to _printf_percent.o(.ARM.Collect$$_printf_percent$$00000000) for _printf_percent
    __printf_flags_ss_wp.o(.text) refers to __printf_wp.o(i._is_digit) for _is_digit
    __printf_flags_ss_wp.o(.text) refers to _printf_percent.o(.ARM.Collect$$_printf_percent$$00000000) for _printf_percent
    __printf_flags_ss_wp.o(.text) refers to __printf_flags_ss_wp.o(.constdata) for .constdata
    _printf_d.o(.ARM.Collect$$_printf_percent$$00000009) refers (Weak) to _printf_dec.o(.text) for _printf_int_dec
    _printf_percent.o(.ARM.Collect$$_printf_percent$$00000000) refers (Special) to _printf_percent_end.o(.ARM.Collect$$_printf_percent$$00000017) for _printf_percent_end
    rand.o(.emb_text) refers (Special) to libinit2.o(.ARM.Collect$$libinit$$0000000D) for __rt_lib_init_rand_2
    rand.o(.emb_text) refers to rand.o(.text) for _rand_init
    rand.o(.emb_text) refers to rand.o(.bss) for _random_number_data
    rand.o(.text) refers (Special) to libinit2.o(.ARM.Collect$$libinit$$0000000D) for __rt_lib_init_rand_2
    rand.o(.text) refers to rand.o(.bss) for .bss
    rand.o(.bss) refers (Special) to libinit2.o(.ARM.Collect$$libinit$$0000000D) for __rt_lib_init_rand_2
    __main.o(!!!main) refers to __rtentry.o(.ARM.Collect$$rtentry$$00000000) for __rt_entry
    __rtentry.o(.ARM.Collect$$rtentry$$00000000) refers (Special) to __rtentry2.o(.ARM.Collect$$rtentry$$0000000A) for __rt_entry_li
    __rtentry.o(.ARM.Collect$$rtentry$$00000000) refers (Special) to __rtentry2.o(.ARM.Collect$$rtentry$$0000000D) for __rt_entry_main
    __rtentry.o(.ARM.Collect$$rtentry$$00000000) refers (Special) to __rtentry2.o(.ARM.Collect$$rtentry$$0000000C) for __rt_entry_postli_1
    __rtentry.o(.ARM.Collect$$rtentry$$00000000) refers (Special) to __rtentry2.o(.ARM.Collect$$rtentry$$00000009) for __rt_entry_postsh_1
    __rtentry.o(.ARM.Collect$$rtentry$$00000000) refers (Special) to __rtentry2.o(.ARM.Collect$$rtentry$$00000002) for __rt_entry_presh_1
    __rtentry.o(.ARM.Collect$$rtentry$$00000000) refers (Special) to __rtentry4.o(.ARM.Collect$$rtentry$$00000004) for __rt_entry_sh
    aeabi_ldiv0_sigfpe.o(.text) refers to rt_div0.o(.text) for __rt_div0
    _printf_char_common.o(.text) refers to __printf.o(.text) for __printf
    libinit2.o(.ARM.Collect$$libinit$$0000000D) refers (Weak) to rand.o(.text) for _rand_init
    libinit2.o(.ARM.Collect$$libinit$$00000010) refers to libinit2.o(.ARM.Collect$$libinit$$0000000F) for .ARM.Collect$$libinit$$0000000F
    libinit2.o(.ARM.Collect$$libinit$$00000012) refers to libinit2.o(.ARM.Collect$$libinit$$0000000F) for .ARM.Collect$$libinit$$0000000F
    libinit2.o(.ARM.Collect$$libinit$$00000014) refers to libinit2.o(.ARM.Collect$$libinit$$0000000F) for .ARM.Collect$$libinit$$0000000F
    libinit2.o(.ARM.Collect$$libinit$$00000016) refers to libinit2.o(.ARM.Collect$$libinit$$0000000F) for .ARM.Collect$$libinit$$0000000F
    libinit2.o(.ARM.Collect$$libinit$$00000018) refers to libinit2.o(.ARM.Collect$$libinit$$0000000F) for .ARM.Collect$$libinit$$0000000F
    libinit2.o(.ARM.Collect$$libinit$$00000026) refers to argv_veneer.o(.emb_text) for __ARM_argv_veneer
    libinit2.o(.ARM.Collect$$libinit$$00000027) refers to argv_veneer.o(.emb_text) for __ARM_argv_veneer
    __rtentry2.o(.ARM.Collect$$rtentry$$00000008) refers to boardinit2.o(.text) for _platform_post_stackheap_init
    __rtentry2.o(.ARM.Collect$$rtentry$$0000000A) refers to libinit.o(.ARM.Collect$$libinit$$00000000) for __rt_lib_init
    __rtentry2.o(.ARM.Collect$$rtentry$$0000000B) refers to boardinit3.o(.text) for _platform_post_lib_init
    __rtentry2.o(.ARM.Collect$$rtentry$$0000000D) refers to media_center.o(.text) for main
    __rtentry2.o(.ARM.Collect$$rtentry$$0000000D) refers to exit.o(.text) for exit
    __rtentry2.o(.ARM.exidx) refers to __rtentry2.o(.ARM.Collect$$rtentry$$00000001) for .ARM.Collect$$rtentry$$00000001
    __rtentry2.o(.ARM.exidx) refers to __rtentry2.o(.ARM.Collect$$rtentry$$00000008) for .ARM.Collect$$rtentry$$00000008
    __rtentry2.o(.ARM.exidx) refers to __rtentry2.o(.ARM.Collect$$rtentry$$0000000A) for .ARM.Collect$$rtentry$$0000000A
    __rtentry2.o(.ARM.exidx) refers to __rtentry2.o(.ARM.Collect$$rtentry$$0000000B) for .ARM.Collect$$rtentry$$0000000B
    __rtentry2.o(.ARM.exidx) refers to __rtentry2.o(.ARM.Collect$$rtentry$$0000000D) for .ARM.Collect$$rtentry$$0000000D
    __rtentry4.o(.ARM.Collect$$rtentry$$00000004) refers to sys_stackheap_outer.o(.text) for __user_setup_stackheap
    __rtentry4.o(.ARM.exidx) refers to __rtentry4.o(.ARM.Collect$$rtentry$$00000004) for .ARM.Collect$$rtentry$$00000004
    rt_div0.o(.text) refers to defsig_fpe_outer.o(.text) for __rt_SIGFPE
    argv_veneer.o(.emb_text) refers to no_argv.o(.text) for __ARM_get_argv
    sys_stackheap_outer.o(.text) refers to libspace.o(.text) for __user_perproc_libspace
    sys_stackheap_outer.o(.text) refers to startup_lpc17xx.o(.text) for __user_initial_stackheap
    exit.o(.text) refers to rtexit.o(.ARM.Collect$$rtexit$$00000000) for __rt_exit
    defsig_fpe_outer.o(.text) refers to defsig_fpe_inner.o(.text) for __rt_SIGFPE_inner
    defsig_fpe_outer.o(.text) refers to defsig_exit.o(.text) for __sig_exit
    defsig_fpe_formal.o(.text) refers to rt_raise.o(.text) for __rt_raise
    _get_argv_nomalloc.o(.text) refers (Special) to hrguard.o(.text) for __heap_region$guard
    _get_argv_nomalloc.o(.text) refers to defsig_rtmem_outer.o(.text) for __rt_SIGRTMEM
    _get_argv_nomalloc.o(.text) refers to sys_command.o(.text) for _sys_command_string
    libinit.o(.ARM.Collect$$libinit$$00000000) refers (Special) to libinit2.o(.ARM.Collect$$libinit$$0000002E) for __rt_lib_init_alloca_1
    libinit.o(.ARM.Collect$$libinit$$00000000) refers (Special) to libinit2.o(.ARM.Collect$$libinit$$0000002C) for __rt_lib_init_argv_1
    libinit.o(.ARM.Collect$$libinit$$00000000) refers (Special) to libinit2.o(.ARM.Collect$$libinit$$0000001B) for __rt_lib_init_atexit_1
    libinit.o(.ARM.Collect$$libinit$$00000000) refers (Special) to libinit2.o(.ARM.Collect$$libinit$$00000021) for __rt_lib_init_clock_1
    libinit.o(.ARM.Collect$$libinit$$00000000) refers (Special) to libinit2.o(.ARM.Collect$$libinit$$00000032) for __rt_lib_init_cpp_1
    libinit.o(.ARM.Collect$$libinit$$00000000) refers (Special) to libinit2.o(.ARM.Collect$$libinit$$00000030) for __rt_lib_init_exceptions_1
    libinit.o(.ARM.Collect$$libinit$$00000000) refers (Special) to libinit2.o(.ARM.Collect$$libinit$$00000002) for __rt_lib_init_fp_1
    libinit.o(.ARM.Collect$$libinit$$00000000) refers (Special) to libinit2.o(.ARM.Collect$$libinit$$0000001F) for __rt_lib_init_fp_trap_1
    libinit.o(.ARM.Collect$$libinit$$00000000) refers (Special) to libinit2.o(.ARM.Collect$$libinit$$00000023) for __rt_lib_init_getenv_1
    libinit.o(.ARM.Collect$$libinit$$00000000) refers (Special) to libinit2.o(.ARM.Collect$$libinit$$0000000A) for __rt_lib_init_heap_1
    libinit.o(.ARM.Collect$$libinit$$00000000) refers (Special) to libinit2.o(.ARM.Collect$$libinit$$00000011) for __rt_lib_init_lc_collate_1
    libinit.o(.ARM.Collect$$libinit$$00000000) refers (Special) to libinit2.o(.ARM.Collect$$libinit$$00000013) for __rt_lib_init_lc_ctype_1
    libinit.o(.ARM.Collect$$libinit$$00000000) refers (Special) to libinit2.o(.ARM.Collect$$libinit$$00000015) for __rt_lib_init_lc_monetary_1
    libinit.o(.ARM.Collect$$libinit$$00000000) refers (Special) to libinit2.o(.ARM.Collect$$libinit$$00000017) for __rt_lib_init_lc_numeric_1
    libinit.o(.ARM.Collect$$libinit$$00000000) refers (Special) to libinit2.o(.ARM.Collect$$libinit$$00000019) for __rt_lib_init_lc_time_1
    libinit.o(.ARM.Collect$$libinit$$00000000) refers (Special) to libinit2.o(.ARM.Collect$$libinit$$00000004) for __rt_lib_init_preinit_1
    libinit.o(.ARM.Collect$$libinit$$00000000) refers (Special) to libinit2.o(.ARM.Collect$$libinit$$0000000E) for __rt_lib_init_rand_1
    libinit.o(.ARM.Collect$$libinit$$00000000) refers (Special) to libinit2.o(.ARM.Collect$$libinit$$00000033) for __rt_lib_init_return
    libinit.o(.ARM.Collect$$libinit$$00000000) refers (Special) to libinit2.o(.ARM.Collect$$libinit$$0000001D) for __rt_lib_init_signal_1
    libinit.o(.ARM.Collect$$libinit$$00000000) refers (Special) to libinit2.o(.ARM.Collect$$libinit$$00000025) for __rt_lib_init_stdio_1
    libinit.o(.ARM.Collect$$libinit$$00000000) refers (Special) to libinit2.o(.ARM.Collect$$libinit$$0000000C) for __rt_lib_init_user_alloc_1
    sys_command.o(.text) refers (Special) to use_no_semi.o(.text) for __I$use$semihosting
    sys_command.o(.text) refers (Special) to indicate_semi.o(.text) for __semihosting_library_function
    libspace.o(.text) refers to libspace.o(.bss) for __libspace_start
    rtexit.o(.ARM.Collect$$rtexit$$00000000) refers (Special) to rtexit2.o(.ARM.Collect$$rtexit$$00000004) for __rt_exit_exit
    rtexit.o(.ARM.Collect$$rtexit$$00000000) refers (Special) to rtexit2.o(.ARM.Collect$$rtexit$$00000003) for __rt_exit_ls
    rtexit.o(.ARM.Collect$$rtexit$$00000000) refers (Special) to rtexit2.o(.ARM.Collect$$rtexit$$00000002) for __rt_exit_prels_1
    rtexit.o(.ARM.exidx) refers (Special) to rtexit2.o(.ARM.Collect$$rtexit$$00000004) for __rt_exit_exit
    rtexit.o(.ARM.exidx) refers (Special) to rtexit2.o(.ARM.Collect$$rtexit$$00000003) for __rt_exit_ls
    rtexit.o(.ARM.exidx) refers (Special) to rtexit2.o(.ARM.Collect$$rtexit$$00000002) for __rt_exit_prels_1
    rtexit.o(.ARM.exidx) refers to rtexit.o(.ARM.Collect$$rtexit$$00000000) for .ARM.Collect$$rtexit$$00000000
    rt_raise.o(.text) refers to __raise.o(.text) for __raise
    rt_raise.o(.text) refers to sys_exit.o(.text) for _sys_exit
    defsig_exit.o(.text) refers to sys_exit.o(.text) for _sys_exit
    defsig_fpe_inner.o(.text) refers to defsig_general.o(.text) for __default_signal_display
    defsig_rtmem_outer.o(.text) refers to defsig_rtmem_inner.o(.text) for __rt_SIGRTMEM_inner
    defsig_rtmem_outer.o(.text) refers to defsig_exit.o(.text) for __sig_exit
    defsig_rtmem_formal.o(.text) refers to rt_raise.o(.text) for __rt_raise
    sys_exit.o(.text) refers (Special) to use_no_semi.o(.text) for __I$use$semihosting
    sys_exit.o(.text) refers (Special) to indicate_semi.o(.text) for __semihosting_library_function
    rtexit2.o(.ARM.Collect$$rtexit$$00000003) refers to libshutdown.o(.ARM.Collect$$libshutdown$$00000000) for __rt_lib_shutdown
    rtexit2.o(.ARM.Collect$$rtexit$$00000004) refers to sys_exit.o(.text) for _sys_exit
    rtexit2.o(.ARM.exidx) refers to rtexit2.o(.ARM.Collect$$rtexit$$00000001) for .ARM.Collect$$rtexit$$00000001
    rtexit2.o(.ARM.exidx) refers to rtexit2.o(.ARM.Collect$$rtexit$$00000003) for .ARM.Collect$$rtexit$$00000003
    rtexit2.o(.ARM.exidx) refers to rtexit2.o(.ARM.Collect$$rtexit$$00000004) for .ARM.Collect$$rtexit$$00000004
    __raise.o(.text) refers to defsig.o(CL$$defsig) for __default_signal_handler
    defsig_general.o(.text) refers to sys_wrch.o(.text) for _ttywrch
    defsig_rtmem_inner.o(.text) refers to defsig_general.o(.text) for __default_signal_display
    sys_wrch.o(.text) refers (Special) to use_no_semi.o(.text) for __I$use$semihosting
    sys_wrch.o(.text) refers (Special) to indicate_semi.o(.text) for __semihosting_library_function
    defsig.o(CL$$defsig) refers to defsig_fpe_inner.o(.text) for __rt_SIGFPE_inner
    defsig.o(CL$$defsig) refers to defsig_rtmem_inner.o(.text) for __rt_SIGRTMEM_inner
    libshutdown.o(.ARM.Collect$$libshutdown$$00000000) refers (Special) to libshutdown2.o(.ARM.Collect$$libshutdown$$00000002) for __rt_lib_shutdown_cpp_1
    libshutdown.o(.ARM.Collect$$libshutdown$$00000000) refers (Special) to libshutdown2.o(.ARM.Collect$$libshutdown$$00000007) for __rt_lib_shutdown_fp_trap_1
    libshutdown.o(.ARM.Collect$$libshutdown$$00000000) refers (Special) to libshutdown2.o(.ARM.Collect$$libshutdown$$0000000F) for __rt_lib_shutdown_heap_1
    libshutdown.o(.ARM.Collect$$libshutdown$$00000000) refers (Special) to libshutdown2.o(.ARM.Collect$$libshutdown$$00000010) for __rt_lib_shutdown_return
    libshutdown.o(.ARM.Collect$$libshutdown$$00000000) refers (Special) to libshutdown2.o(.ARM.Collect$$libshutdown$$0000000A) for __rt_lib_shutdown_signal_1
    libshutdown.o(.ARM.Collect$$libshutdown$$00000000) refers (Special) to libshutdown2.o(.ARM.Collect$$libshutdown$$00000004) for __rt_lib_shutdown_stdio_1
    libshutdown.o(.ARM.Collect$$libshutdown$$00000000) refers (Special) to libshutdown2.o(.ARM.Collect$$libshutdown$$0000000C) for __rt_lib_shutdown_user_alloc_1
    defsig_abrt_inner.o(.text) refers to defsig_general.o(.text) for __default_signal_display
    defsig_rtred_inner.o(.text) refers to defsig_general.o(.text) for __default_signal_display
    defsig_stak_inner.o(.text) refers to defsig_general.o(.text) for __default_signal_display
    defsig_pvfn_inner.o(.text) refers to defsig_general.o(.text) for __default_signal_display
    defsig_cppl_inner.o(.text) refers to defsig_general.o(.text) for __default_signal_display
    defsig_segv_inner.o(.text) refers to defsig_general.o(.text) for __default_signal_display
    defsig_other.o(.text) refers to defsig_general.o(.text) for __default_signal_display
    usbcore.o(i.USB_ReqGetStatus) refers to usbcore.o(.data) for SetupPacket
    usbcore.o(i.USB_ReqGetStatus) refers to usbcore.o(.bss) for EP0Buf
    usbcore.o(i.USB_ReqSetClrFeature) refers to usbhw.o(.text) for USB_WakeUpCfg
    usbcore.o(i.USB_ReqSetClrFeature) refers to usbcore.o(.data) for SetupPacket
    usbcore.o(i.USB_ReqGetDescriptor) refers to usbcore.o(.data) for SetupPacket
    usbcore.o(i.USB_ReqGetDescriptor) refers to usbdesc.o(.constdata) for USB_DeviceDescriptor
    usbcore.o(i.USB_ReqSetConfiguration) refers to usbhw.o(.text) for USB_DisableEP
    usbcore.o(i.USB_ReqSetConfiguration) refers to usbcore.o(.data) for SetupPacket
    usbcore.o(i.USB_ReqSetConfiguration) refers to usbdesc.o(.constdata) for USB_ConfigDescriptor
    usbcore.o(i.USB_ReqSetInterface) refers to usbhw.o(.text) for USB_ConfigEP
    usbcore.o(i.USB_ReqSetInterface) refers to usbcore.o(.data) for SetupPacket
    usbcore.o(i.USB_ReqSetInterface) refers to usbdesc.o(.constdata) for USB_ConfigDescriptor


==============================================================================

Removing Unused input sections from the image.

    Removing core_cm3.o(.emb_text), (32 bytes).
    Removing glcd_spi_lpc1700.o(.rev16_text), (4 bytes).
    Removing glcd_spi_lpc1700.o(.revsh_text), (4 bytes).
    Removing led.o(.text), (172 bytes).
    Removing led.o(.constdata), (32 bytes).
    Removing kbd.o(.rev16_text), (4 bytes).
    Removing kbd.o(.revsh_text), (4 bytes).
    Removing kbd.o(.data), (4 bytes).
    Removing media_center.o(.rev16_text), (4 bytes).
    Removing media_center.o(.revsh_text), (4 bytes).
    Removing photo_gallery.o(.rev16_text), (4 bytes).
    Removing photo_gallery.o(.revsh_text), (4 bytes).
    Removing photo_viewer.o(.rev16_text), (4 bytes).
    Removing photo_viewer.o(.revsh_text), (4 bytes).
    Removing adcuser.o(.constdata), (6 bytes).

15 unused section(s) (total 286 bytes) removed from the image.

==============================================================================

Image Symbol Table

    Local Symbols

    Symbol Name                              Value     Ov Type        Size  Object(Section)

    RESET                                    0x00000000   Section      204  startup_lpc17xx.o(RESET)
    ../clib/angel/boardlib.s                 0x00000000   Number         0  boardinit1.o ABSOLUTE
    ../clib/angel/boardlib.s                 0x00000000   Number         0  boardinit2.o ABSOLUTE
    ../clib/angel/boardlib.s                 0x00000000   Number         0  boardinit3.o ABSOLUTE
    ../clib/angel/boardlib.s                 0x00000000   Number         0  boardshut.o ABSOLUTE
    ../clib/angel/handlers.s                 0x00000000   Number         0  __scatter_copy.o ABSOLUTE
    ../clib/angel/handlers.s                 0x00000000   Number         0  __scatter_zi.o ABSOLUTE
    ../clib/angel/kernel.s                   0x00000000   Number         0  __rtentry.o ABSOLUTE
    ../clib/angel/kernel.s                   0x00000000   Number         0  rtexit.o ABSOLUTE
    ../clib/angel/kernel.s                   0x00000000   Number         0  __rtentry2.o ABSOLUTE
    ../clib/angel/kernel.s                   0x00000000   Number         0  rtexit2.o ABSOLUTE
    ../clib/angel/kernel.s                   0x00000000   Number         0  __rtentry4.o ABSOLUTE
    ../clib/angel/rt.s                       0x00000000   Number         0  aeabi_ldiv0_sigfpe.o ABSOLUTE
    ../clib/angel/rt.s                       0x00000000   Number         0  aeabi_ldiv0.o ABSOLUTE
    ../clib/angel/rt.s                       0x00000000   Number         0  rt_raise.o ABSOLUTE
    ../clib/angel/rt.s                       0x00000000   Number         0  rt_div0.o ABSOLUTE
    ../clib/angel/scatter.s                  0x00000000   Number         0  __scatter.o ABSOLUTE
    ../clib/angel/startup.s                  0x00000000   Number         0  __main.o ABSOLUTE
    ../clib/angel/sys.s                      0x00000000   Number         0  libspace.o ABSOLUTE
    ../clib/angel/sys.s                      0x00000000   Number         0  use_no_semi.o ABSOLUTE
    ../clib/angel/sys.s                      0x00000000   Number         0  indicate_semi.o ABSOLUTE
    ../clib/angel/sys.s                      0x00000000   Number         0  sys_stackheap_outer.o ABSOLUTE
    ../clib/angel/sysapp.c                   0x00000000   Number         0  sys_exit.o ABSOLUTE
    ../clib/angel/sysapp.c                   0x00000000   Number         0  sys_wrch.o ABSOLUTE
    ../clib/angel/sysapp.c                   0x00000000   Number         0  sys_command.o ABSOLUTE
    ../clib/armsys.c                         0x00000000   Number         0  argv_veneer.o ABSOLUTE
    ../clib/armsys.c                         0x00000000   Number         0  no_argv.o ABSOLUTE
    ../clib/armsys.c                         0x00000000   Number         0  argv_veneer.o ABSOLUTE
    ../clib/armsys.c                         0x00000000   Number         0  _get_argv_nomalloc.o ABSOLUTE
    ../clib/heapalloc.c                      0x00000000   Number         0  hrguard.o ABSOLUTE
    ../clib/heapaux.c                        0x00000000   Number         0  heapauxi.o ABSOLUTE
    ../clib/libinit.s                        0x00000000   Number         0  libshutdown.o ABSOLUTE
    ../clib/libinit.s                        0x00000000   Number         0  libinit.o ABSOLUTE
    ../clib/libinit.s                        0x00000000   Number         0  libshutdown2.o ABSOLUTE
    ../clib/libinit.s                        0x00000000   Number         0  libinit2.o ABSOLUTE
    ../clib/longlong.s                       0x00000000   Number         0  lludivv7m.o ABSOLUTE
    ../clib/printf.c                         0x00000000   Number         0  _printf_intcommon.o ABSOLUTE
    ../clib/printf.c                         0x00000000   Number         0  __printf_flags_ss_wp.o ABSOLUTE
    ../clib/printf.c                         0x00000000   Number         0  __printf_flags.o ABSOLUTE
    ../clib/printf.c                         0x00000000   Number         0  __printf_ss.o ABSOLUTE
    ../clib/printf.c                         0x00000000   Number         0  __printf_flags_ss.o ABSOLUTE
    ../clib/printf.c                         0x00000000   Number         0  __printf_wp.o ABSOLUTE
    ../clib/printf.c                         0x00000000   Number         0  __printf_flags_wp.o ABSOLUTE
    ../clib/printf.c                         0x00000000   Number         0  noretval__2sprintf.o ABSOLUTE
    ../clib/printf.c                         0x00000000   Number         0  __printf_ss_wp.o ABSOLUTE
    ../clib/printf.c                         0x00000000   Number         0  __printf_nopercent.o ABSOLUTE
    ../clib/printf.c                         0x00000000   Number         0  __2sprintf.o ABSOLUTE
    ../clib/printf.c                         0x00000000   Number         0  _sputc.o ABSOLUTE
    ../clib/printf.c                         0x00000000   Number         0  __printf.o ABSOLUTE
    ../clib/printf.c                         0x00000000   Number         0  _printf_char_common.o ABSOLUTE
    ../clib/printf.c                         0x00000000   Number         0  _printf_dec.o ABSOLUTE
    ../clib/printf_percent.s                 0x00000000   Number         0  _printf_percent_end.o ABSOLUTE
    ../clib/printf_percent.s                 0x00000000   Number         0  _printf_d.o ABSOLUTE
    ../clib/printf_percent.s                 0x00000000   Number         0  _printf_percent.o ABSOLUTE
    ../clib/signal.c                         0x00000000   Number         0  defsig_pvfn_inner.o ABSOLUTE
    ../clib/signal.c                         0x00000000   Number         0  defsig_other.o ABSOLUTE
    ../clib/signal.c                         0x00000000   Number         0  defsig_exit.o ABSOLUTE
    ../clib/signal.c                         0x00000000   Number         0  defsig_abrt_inner.o ABSOLUTE
    ../clib/signal.c                         0x00000000   Number         0  defsig_rtmem_outer.o ABSOLUTE
    ../clib/signal.c                         0x00000000   Number         0  defsig_fpe_formal.o ABSOLUTE
    ../clib/signal.c                         0x00000000   Number         0  defsig_fpe_outer.o ABSOLUTE
    ../clib/signal.c                         0x00000000   Number         0  defsig_rtmem_inner.o ABSOLUTE
    ../clib/signal.c                         0x00000000   Number         0  defsig_rtred_inner.o ABSOLUTE
    ../clib/signal.c                         0x00000000   Number         0  defsig_rtmem_formal.o ABSOLUTE
    ../clib/signal.c                         0x00000000   Number         0  __raise.o ABSOLUTE
    ../clib/signal.c                         0x00000000   Number         0  defsig_stak_inner.o ABSOLUTE
    ../clib/signal.c                         0x00000000   Number         0  defsig_fpe_inner.o ABSOLUTE
    ../clib/signal.c                         0x00000000   Number         0  defsig_general.o ABSOLUTE
    ../clib/signal.c                         0x00000000   Number         0  defsig_cppl_inner.o ABSOLUTE
    ../clib/signal.c                         0x00000000   Number         0  defsig_segv_inner.o ABSOLUTE
    ../clib/signal.s                         0x00000000   Number         0  defsig.o ABSOLUTE
    ../clib/stdlib.c                         0x00000000   Number         0  rand.o ABSOLUTE
    ../clib/stdlib.c                         0x00000000   Number         0  exit.o ABSOLUTE
    ../clib/stdlib.c                         0x00000000   Number         0  rand.o ABSOLUTE
    ../fplib/fpinit.s                        0x00000000   Number         0  fpinit.o ABSOLUTE
    GLCD_SPI_LPC1700.c                       0x00000000   Number         0  glcd_spi_lpc1700.o ABSOLUTE
    GLCD_SPI_LPC1700.c                       0x00000000   Number         0  glcd_spi_lpc1700.o ABSOLUTE
    Game.c                                   0x00000000   Number         0  game.o ABSOLUTE
    IRQ.c                                    0x00000000   Number         0  irq.o ABSOLUTE
    Images\Blue_Jays.c                       0x00000000   Number         0  blue_jays.o ABSOLUTE
    Images\Maple_Leafs.c                     0x00000000   Number         0  maple_leafs.o ABSOLUTE
    Images\Mario.c                           0x00000000   Number         0  mario.o ABSOLUTE
    Images\Raptors.c                         0x00000000   Number         0  raptors.o ABSOLUTE
    KBD.c                                    0x00000000   Number         0  kbd.o ABSOLUTE
    KBD.c                                    0x00000000   Number         0  kbd.o ABSOLUTE
    LED.c                                    0x00000000   Number         0  led.o ABSOLUTE
    Media_Center.c                           0x00000000   Number         0  media_center.o ABSOLUTE
    Media_Center.c                           0x00000000   Number         0  media_center.o ABSOLUTE
    Photo_Gallery.c                          0x00000000   Number         0  photo_gallery.o ABSOLUTE
    Photo_Gallery.c                          0x00000000   Number         0  photo_gallery.o ABSOLUTE
    Photo_Viewer.c                           0x00000000   Number         0  photo_viewer.o ABSOLUTE
    Photo_Viewer.c                           0x00000000   Number         0  photo_viewer.o ABSOLUTE
    adcuser.c                                0x00000000   Number         0  adcuser.o ABSOLUTE
    core_cm3.c                               0x00000000   Number         0  core_cm3.o ABSOLUTE
    core_cm3.c                               0x00000000   Number         0  core_cm3.o ABSOLUTE
    dc.s                                     0x00000000   Number         0  dc.o ABSOLUTE
    startup_LPC17xx.s                        0x00000000   Number         0  startup_lpc17xx.o ABSOLUTE
    system_LPC17xx.c                         0x00000000   Number         0  system_lpc17xx.o ABSOLUTE
    usbcore.c                                0x00000000   Number         0  usbcore.o ABSOLUTE
    usbdesc.c                                0x00000000   Number         0  usbdesc.o ABSOLUTE
    usbdmain.c                               0x00000000   Number         0  usbdmain.o ABSOLUTE
    usbhw.c                                  0x00000000   Number         0  usbhw.o ABSOLUTE
    usbuser.c                                0x00000000   Number         0  usbuser.o ABSOLUTE
    !!!main                                  0x000000cc   Section        8  __main.o(!!!main)
    !!!scatter                               0x000000d4   Section       52  __scatter.o(!!!scatter)
    !!handler_copy                           0x00000108   Section       26  __scatter_copy.o(!!handler_copy)
    !!handler_zi                             0x00000124   Section       28  __scatter_zi.o(!!handler_zi)
    .ARM.Collect$$_printf_percent$$00000000  0x00000140   Section        0  _printf_percent.o(.ARM.Collect$$_printf_percent$$00000000)
    .ARM.Collect$$_printf_percent$$00000009  0x00000140   Section        6  _printf_d.o(.ARM.Collect$$_printf_percent$$00000009)
    .ARM.Collect$$_printf_percent$$00000017  0x00000146   Section        4  _printf_percent_end.o(.ARM.Collect$$_printf_percent$$00000017)
    .ARM.Collect$$libinit$$00000000          0x0000014a   Section        2  libinit.o(.ARM.Collect$$libinit$$00000000)
    .ARM.Collect$$libinit$$00000002          0x0000014c   Section        0  libinit2.o(.ARM.Collect$$libinit$$00000002)
    .ARM.Collect$$libinit$$00000004          0x0000014c   Section        0  libinit2.o(.ARM.Collect$$libinit$$00000004)
    .ARM.Collect$$libinit$$0000000A          0x0000014c   Section        0  libinit2.o(.ARM.Collect$$libinit$$0000000A)
    .ARM.Collect$$libinit$$0000000C          0x0000014c   Section        0  libinit2.o(.ARM.Collect$$libinit$$0000000C)
    .ARM.Collect$$libinit$$0000000D          0x0000014c   Section        4  libinit2.o(.ARM.Collect$$libinit$$0000000D)
    .ARM.Collect$$libinit$$0000000E          0x00000150   Section        0  libinit2.o(.ARM.Collect$$libinit$$0000000E)
    .ARM.Collect$$libinit$$00000011          0x00000150   Section        0  libinit2.o(.ARM.Collect$$libinit$$00000011)
    .ARM.Collect$$libinit$$00000013          0x00000150   Section        0  libinit2.o(.ARM.Collect$$libinit$$00000013)
    .ARM.Collect$$libinit$$00000015          0x00000150   Section        0  libinit2.o(.ARM.Collect$$libinit$$00000015)
    .ARM.Collect$$libinit$$00000017          0x00000150   Section        0  libinit2.o(.ARM.Collect$$libinit$$00000017)
    .ARM.Collect$$libinit$$00000019          0x00000150   Section        0  libinit2.o(.ARM.Collect$$libinit$$00000019)
    .ARM.Collect$$libinit$$0000001B          0x00000150   Section        0  libinit2.o(.ARM.Collect$$libinit$$0000001B)
    .ARM.Collect$$libinit$$0000001D          0x00000150   Section        0  libinit2.o(.ARM.Collect$$libinit$$0000001D)
    .ARM.Collect$$libinit$$0000001F          0x00000150   Section        0  libinit2.o(.ARM.Collect$$libinit$$0000001F)
    .ARM.Collect$$libinit$$00000021          0x00000150   Section        0  libinit2.o(.ARM.Collect$$libinit$$00000021)
    .ARM.Collect$$libinit$$00000023          0x00000150   Section        0  libinit2.o(.ARM.Collect$$libinit$$00000023)
    .ARM.Collect$$libinit$$00000025          0x00000150   Section        0  libinit2.o(.ARM.Collect$$libinit$$00000025)
    .ARM.Collect$$libinit$$0000002C          0x00000150   Section        0  libinit2.o(.ARM.Collect$$libinit$$0000002C)
    .ARM.Collect$$libinit$$0000002E          0x00000150   Section        0  libinit2.o(.ARM.Collect$$libinit$$0000002E)
    .ARM.Collect$$libinit$$00000030          0x00000150   Section        0  libinit2.o(.ARM.Collect$$libinit$$00000030)
    .ARM.Collect$$libinit$$00000032          0x00000150   Section        0  libinit2.o(.ARM.Collect$$libinit$$00000032)
    .ARM.Collect$$libinit$$00000033          0x00000150   Section        2  libinit2.o(.ARM.Collect$$libinit$$00000033)
    .ARM.Collect$$libshutdown$$00000000      0x00000152   Section        2  libshutdown.o(.ARM.Collect$$libshutdown$$00000000)
    .ARM.Collect$$libshutdown$$00000002      0x00000154   Section        0  libshutdown2.o(.ARM.Collect$$libshutdown$$00000002)
    .ARM.Collect$$libshutdown$$00000004      0x00000154   Section        0  libshutdown2.o(.ARM.Collect$$libshutdown$$00000004)
    .ARM.Collect$$libshutdown$$00000007      0x00000154   Section        0  libshutdown2.o(.ARM.Collect$$libshutdown$$00000007)
    .ARM.Collect$$libshutdown$$0000000A      0x00000154   Section        0  libshutdown2.o(.ARM.Collect$$libshutdown$$0000000A)
    .ARM.Collect$$libshutdown$$0000000C      0x00000154   Section        0  libshutdown2.o(.ARM.Collect$$libshutdown$$0000000C)
    .ARM.Collect$$libshutdown$$0000000F      0x00000154   Section        0  libshutdown2.o(.ARM.Collect$$libshutdown$$0000000F)
    .ARM.Collect$$libshutdown$$00000010      0x00000154   Section        2  libshutdown2.o(.ARM.Collect$$libshutdown$$00000010)
    .ARM.Collect$$rtentry$$00000000          0x00000156   Section        0  __rtentry.o(.ARM.Collect$$rtentry$$00000000)
    .ARM.Collect$$rtentry$$00000002          0x00000156   Section        0  __rtentry2.o(.ARM.Collect$$rtentry$$00000002)
    .ARM.Collect$$rtentry$$00000004          0x00000156   Section        6  __rtentry4.o(.ARM.Collect$$rtentry$$00000004)
    .ARM.Collect$$rtentry$$00000009          0x0000015c   Section        0  __rtentry2.o(.ARM.Collect$$rtentry$$00000009)
    .ARM.Collect$$rtentry$$0000000A          0x0000015c   Section        4  __rtentry2.o(.ARM.Collect$$rtentry$$0000000A)
    .ARM.Collect$$rtentry$$0000000C          0x00000160   Section        0  __rtentry2.o(.ARM.Collect$$rtentry$$0000000C)
    .ARM.Collect$$rtentry$$0000000D          0x00000160   Section        8  __rtentry2.o(.ARM.Collect$$rtentry$$0000000D)
    .ARM.Collect$$rtexit$$00000000           0x00000168   Section        2  rtexit.o(.ARM.Collect$$rtexit$$00000000)
    .ARM.Collect$$rtexit$$00000002           0x0000016a   Section        0  rtexit2.o(.ARM.Collect$$rtexit$$00000002)
    .ARM.Collect$$rtexit$$00000003           0x0000016a   Section        4  rtexit2.o(.ARM.Collect$$rtexit$$00000003)
    .ARM.Collect$$rtexit$$00000004           0x0000016e   Section        6  rtexit2.o(.ARM.Collect$$rtexit$$00000004)
    .emb_text                                0x00000174   Section       52  rand.o(.emb_text)
    .text                                    0x000001a8   Section       60  startup_lpc17xx.o(.text)
    .text                                    0x000001e4   Section        0  irq.o(.text)
    .text                                    0x00000260   Section        0  kbd.o(.text)
    .text                                    0x000002bc   Section        0  noretval__2sprintf.o(.text)
    .text                                    0x000002e4   Section        0  heapauxi.o(.text)
    .text                                    0x000002ea   Section        0  _sputc.o(.text)
    .text                                    0x000002f4   Section        8  libspace.o(.text)
    .ARM.__at_0x02FC                         0x000002fc   Section        4  startup_lpc17xx.o(.ARM.__at_0x02FC)
    .text                                    0x00000300   Section        0  system_lpc17xx.o(.text)
    .text                                    0x00000728   Section        0  glcd_spi_lpc1700.o(.text)
    delay                                    0x00000729   Thumb Code    14  glcd_spi_lpc1700.o(.text)
    spi_tran_man                             0x00000737   Thumb Code   124  glcd_spi_lpc1700.o(.text)
    wr_cmd                                   0x000007b3   Thumb Code    36  glcd_spi_lpc1700.o(.text)
    wr_dat                                   0x000007d7   Thumb Code    36  glcd_spi_lpc1700.o(.text)
    rd_reg                                   0x000007fb   Thumb Code    66  glcd_spi_lpc1700.o(.text)
    rd_id_man                                0x0000083d   Thumb Code   132  glcd_spi_lpc1700.o(.text)
    spi_tran                                 0x00001253   Thumb Code    28  glcd_spi_lpc1700.o(.text)
    wr_dat_start                             0x0000126f   Thumb Code    16  glcd_spi_lpc1700.o(.text)
    wr_dat_stop                              0x0000127f   Thumb Code     8  glcd_spi_lpc1700.o(.text)
    wr_dat_only                              0x00001287   Thumb Code    18  glcd_spi_lpc1700.o(.text)
    wr_reg                                   0x00001299   Thumb Code    20  glcd_spi_lpc1700.o(.text)
    .text                                    0x000012c4   Section        0  media_center.o(.text)
    NVIC_EnableIRQ                           0x00001503   Thumb Code    22  media_center.o(.text)
    .text                                    0x000015c8   Section        0  photo_gallery.o(.text)
    .text                                    0x00001884   Section        0  photo_viewer.o(.text)
    .text                                    0x000019fc   Section        0  game.o(.text)
    .text                                    0x00002194   Section        0  usbdmain.o(.text)
    NVIC_DisableIRQ                          0x00002399   Thumb Code    18  usbdmain.o(.text)
    .text                                    0x000023f4   Section        0  adcuser.o(.text)
    .text                                    0x000024dc   Section        0  usbcore.o(.text)
    .text                                    0x000028b8   Section        0  usbhw.o(.text)
    .text                                    0x00003140   Section        0  usbuser.o(.text)
    .text                                    0x00003220   Section      238  lludivv7m.o(.text)
    .text                                    0x0000330e   Section        0  __printf.o(.text)
    .text                                    0x00003378   Section        0  _printf_dec.o(.text)
    .text                                    0x000033f0   Section        0  rand.o(.text)
    .text                                    0x0000342c   Section        0  _printf_intcommon.o(.text)
    .text                                    0x000034e0   Section        0  _printf_char_common.o(.text)
    _printf_input_char                       0x000034e1   Thumb Code    10  _printf_char_common.o(.text)
    .text                                    0x00003510   Section       74  sys_stackheap_outer.o(.text)
    .text                                    0x0000355a   Section        0  exit.o(.text)
    .text                                    0x0000356c   Section        0  sys_exit.o(.text)
    .text                                    0x00003578   Section        2  use_no_semi.o(.text)
    .text                                    0x0000357a   Section        0  indicate_semi.o(.text)
    i.USB_ReqGetDescriptor                   0x0000357c   Section        0  usbcore.o(i.USB_ReqGetDescriptor)
    i.USB_ReqGetStatus                       0x00003634   Section        0  usbcore.o(i.USB_ReqGetStatus)
    i.USB_ReqSetClrFeature                   0x000036f4   Section        0  usbcore.o(i.USB_ReqSetClrFeature)
    i.USB_ReqSetConfiguration                0x000037e0   Section        0  usbcore.o(i.USB_ReqSetConfiguration)
    i.USB_ReqSetInterface                    0x00003998   Section        0  usbcore.o(i.USB_ReqSetInterface)
    .constdata                               0x00003ac8   Section     6272  glcd_spi_lpc1700.o(.constdata)
    .constdata                               0x00005348   Section    51201  blue_jays.o(.constdata)
    .constdata                               0x00011b49   Section    51201  raptors.o(.constdata)
    .constdata                               0x0001e34a   Section    51201  maple_leafs.o(.constdata)
    .constdata                               0x0002ab4b   Section    51201  mario.o(.constdata)
    .constdata                               0x0003734c   Section      228  usbdesc.o(.constdata)
    .constdata                               0x00037430   Section       16  usbhw.o(.constdata)
    .constdata                               0x00037440   Section       64  usbuser.o(.constdata)
    .data                                    0x10000000   Section        8  system_lpc17xx.o(.data)
    .data                                    0x10000008   Section        5  glcd_spi_lpc1700.o(.data)
    Color                                    0x10000008   Data           4  glcd_spi_lpc1700.o(.data)
    Himax                                    0x1000000c   Data           1  glcd_spi_lpc1700.o(.data)
    .data                                    0x10000010   Section        7  irq.o(.data)
    .data                                    0x10000018   Section       12  media_center.o(.data)
    .data                                    0x10000024   Section        4  photo_gallery.o(.data)
    .data                                    0x10000028   Section       60  game.o(.data)
    .data                                    0x10000064   Section       32  usbdmain.o(.data)
    .data                                    0x10000084   Section        2  adcuser.o(.data)
    .data                                    0x10000088   Section       40  usbcore.o(.data)
    .data                                    0x100000b0   Section        8  usbhw.o(.data)
    .bss                                     0x100000b8   Section       20  game.o(.bss)
    .bss                                     0x100000cc   Section       64  usbcore.o(.bss)
    .bss                                     0x1000010c   Section      128  usbhw.o(.bss)
    .bss                                     0x1000018c   Section      228  rand.o(.bss)
    .bss                                     0x10000270   Section       96  libspace.o(.bss)
    HEAP                                     0x100002d0   Section        0  startup_lpc17xx.o(HEAP)
    STACK                                    0x100002d0   Section      512  startup_lpc17xx.o(STACK)
    Heap_Mem                                 0x100002d0   Data           0  startup_lpc17xx.o(HEAP)
    Stack_Mem                                0x100002d0   Data         512  startup_lpc17xx.o(STACK)
    USB_RAM                                  0x100004d0   Section      544  usbhw.o(USB_RAM)
    __initial_sp                             0x100004d0   Data           0  startup_lpc17xx.o(STACK)

    Global Symbols

    Symbol Name                              Value     Ov Type        Size  Object(Section)

    BuildAttributes$$THM_ISAv4$P$D$K$B$S$PE$A:L22UL41UL21$X:L11$S22US41US21$IEEE1$IW$USESV6$~STKCKD$USESV7$~SHL$OSPACE$ROPI$EBA8$UX$STANDARDLIB$REQ8$PRES8$EABIv2 0x00000000   Number         0  anon$$obj.o ABSOLUTE
    __ARM_use_no_argv                        0x00000000   Number         0  media_center.o ABSOLUTE
    __Vectors                                0x00000000   Data           4  startup_lpc17xx.o(RESET)
    __ARM_exceptions_init                     - Undefined Weak Reference
    __alloca_initialize                       - Undefined Weak Reference
    __arm_preinit_                            - Undefined Weak Reference
    __cpp_initialize__aeabi_                  - Undefined Weak Reference
    __cxa_finalize                            - Undefined Weak Reference
    __rt_locale                               - Undefined Weak Reference
    __sigvec_lookup                           - Undefined Weak Reference
    _atexit_init                              - Undefined Weak Reference
    _call_atexit_fns                          - Undefined Weak Reference
    _clock_init                               - Undefined Weak Reference
    _fp_trap_init                             - Undefined Weak Reference
    _fp_trap_shutdown                         - Undefined Weak Reference
    _get_lc_collate                           - Undefined Weak Reference
    _get_lc_ctype                             - Undefined Weak Reference
    _get_lc_monetary                          - Undefined Weak Reference
    _get_lc_numeric                           - Undefined Weak Reference
    _get_lc_time                              - Undefined Weak Reference
    _getenv_init                              - Undefined Weak Reference
    _handle_redirection                       - Undefined Weak Reference
    _init_alloc                               - Undefined Weak Reference
    _init_user_alloc                          - Undefined Weak Reference
    _initio                                   - Undefined Weak Reference
    _printf_post_padding                      - Undefined Weak Reference
    _printf_pre_padding                       - Undefined Weak Reference
    _printf_truncate_signed                   - Undefined Weak Reference
    _printf_truncate_unsigned                 - Undefined Weak Reference
    _signal_finish                            - Undefined Weak Reference
    _signal_init                              - Undefined Weak Reference
    _terminate_alloc                          - Undefined Weak Reference
    _terminate_user_alloc                     - Undefined Weak Reference
    _terminateio                              - Undefined Weak Reference
    __main                                   0x000000cd   Thumb Code     8  __main.o(!!!main)
    __scatterload                            0x000000d5   Thumb Code     0  __scatter.o(!!!scatter)
    __scatterload_rt2                        0x000000d5   Thumb Code    44  __scatter.o(!!!scatter)
    __scatterload_rt2_thumb_only             0x000000d5   Thumb Code     0  __scatter.o(!!!scatter)
    __scatterload_null                       0x000000e3   Thumb Code     0  __scatter.o(!!!scatter)
    __scatterload_copy                       0x00000109   Thumb Code    26  __scatter_copy.o(!!handler_copy)
    __scatterload_zeroinit                   0x00000125   Thumb Code    28  __scatter_zi.o(!!handler_zi)
    _printf_d                                0x00000141   Thumb Code     0  _printf_d.o(.ARM.Collect$$_printf_percent$$00000009)
    _printf_percent                          0x00000141   Thumb Code     0  _printf_percent.o(.ARM.Collect$$_printf_percent$$00000000)
    _printf_percent_end                      0x00000147   Thumb Code     0  _printf_percent_end.o(.ARM.Collect$$_printf_percent$$00000017)
    __rt_lib_init                            0x0000014b   Thumb Code     0  libinit.o(.ARM.Collect$$libinit$$00000000)
    __rt_lib_init_fp_1                       0x0000014d   Thumb Code     0  libinit2.o(.ARM.Collect$$libinit$$00000002)
    __rt_lib_init_heap_1                     0x0000014d   Thumb Code     0  libinit2.o(.ARM.Collect$$libinit$$0000000A)
    __rt_lib_init_preinit_1                  0x0000014d   Thumb Code     0  libinit2.o(.ARM.Collect$$libinit$$00000004)
    __rt_lib_init_rand_2                     0x0000014d   Thumb Code     0  libinit2.o(.ARM.Collect$$libinit$$0000000D)
    __rt_lib_init_user_alloc_1               0x0000014d   Thumb Code     0  libinit2.o(.ARM.Collect$$libinit$$0000000C)
    __rt_lib_init_alloca_1                   0x00000151   Thumb Code     0  libinit2.o(.ARM.Collect$$libinit$$0000002E)
    __rt_lib_init_argv_1                     0x00000151   Thumb Code     0  libinit2.o(.ARM.Collect$$libinit$$0000002C)
    __rt_lib_init_atexit_1                   0x00000151   Thumb Code     0  libinit2.o(.ARM.Collect$$libinit$$0000001B)
    __rt_lib_init_clock_1                    0x00000151   Thumb Code     0  libinit2.o(.ARM.Collect$$libinit$$00000021)
    __rt_lib_init_cpp_1                      0x00000151   Thumb Code     0  libinit2.o(.ARM.Collect$$libinit$$00000032)
    __rt_lib_init_exceptions_1               0x00000151   Thumb Code     0  libinit2.o(.ARM.Collect$$libinit$$00000030)
    __rt_lib_init_fp_trap_1                  0x00000151   Thumb Code     0  libinit2.o(.ARM.Collect$$libinit$$0000001F)
    __rt_lib_init_getenv_1                   0x00000151   Thumb Code     0  libinit2.o(.ARM.Collect$$libinit$$00000023)
    __rt_lib_init_lc_collate_1               0x00000151   Thumb Code     0  libinit2.o(.ARM.Collect$$libinit$$00000011)
    __rt_lib_init_lc_ctype_1                 0x00000151   Thumb Code     0  libinit2.o(.ARM.Collect$$libinit$$00000013)
    __rt_lib_init_lc_monetary_1              0x00000151   Thumb Code     0  libinit2.o(.ARM.Collect$$libinit$$00000015)
    __rt_lib_init_lc_numeric_1               0x00000151   Thumb Code     0  libinit2.o(.ARM.Collect$$libinit$$00000017)
    __rt_lib_init_lc_time_1                  0x00000151   Thumb Code     0  libinit2.o(.ARM.Collect$$libinit$$00000019)
    __rt_lib_init_rand_1                     0x00000151   Thumb Code     0  libinit2.o(.ARM.Collect$$libinit$$0000000E)
    __rt_lib_init_return                     0x00000151   Thumb Code     0  libinit2.o(.ARM.Collect$$libinit$$00000033)
    __rt_lib_init_signal_1                   0x00000151   Thumb Code     0  libinit2.o(.ARM.Collect$$libinit$$0000001D)
    __rt_lib_init_stdio_1                    0x00000151   Thumb Code     0  libinit2.o(.ARM.Collect$$libinit$$00000025)
    __rt_lib_shutdown                        0x00000153   Thumb Code     0  libshutdown.o(.ARM.Collect$$libshutdown$$00000000)
    __rt_lib_shutdown_cpp_1                  0x00000155   Thumb Code     0  libshutdown2.o(.ARM.Collect$$libshutdown$$00000002)
    __rt_lib_shutdown_fp_trap_1              0x00000155   Thumb Code     0  libshutdown2.o(.ARM.Collect$$libshutdown$$00000007)
    __rt_lib_shutdown_heap_1                 0x00000155   Thumb Code     0  libshutdown2.o(.ARM.Collect$$libshutdown$$0000000F)
    __rt_lib_shutdown_return                 0x00000155   Thumb Code     0  libshutdown2.o(.ARM.Collect$$libshutdown$$00000010)
    __rt_lib_shutdown_signal_1               0x00000155   Thumb Code     0  libshutdown2.o(.ARM.Collect$$libshutdown$$0000000A)
    __rt_lib_shutdown_stdio_1                0x00000155   Thumb Code     0  libshutdown2.o(.ARM.Collect$$libshutdown$$00000004)
    __rt_lib_shutdown_user_alloc_1           0x00000155   Thumb Code     0  libshutdown2.o(.ARM.Collect$$libshutdown$$0000000C)
    __rt_entry                               0x00000157   Thumb Code     0  __rtentry.o(.ARM.Collect$$rtentry$$00000000)
    __rt_entry_presh_1                       0x00000157   Thumb Code     0  __rtentry2.o(.ARM.Collect$$rtentry$$00000002)
    __rt_entry_sh                            0x00000157   Thumb Code     0  __rtentry4.o(.ARM.Collect$$rtentry$$00000004)
    __rt_entry_li                            0x0000015d   Thumb Code     0  __rtentry2.o(.ARM.Collect$$rtentry$$0000000A)
    __rt_entry_postsh_1                      0x0000015d   Thumb Code     0  __rtentry2.o(.ARM.Collect$$rtentry$$00000009)
    __rt_entry_main                          0x00000161   Thumb Code     0  __rtentry2.o(.ARM.Collect$$rtentry$$0000000D)
    __rt_entry_postli_1                      0x00000161   Thumb Code     0  __rtentry2.o(.ARM.Collect$$rtentry$$0000000C)
    __rt_exit                                0x00000169   Thumb Code     0  rtexit.o(.ARM.Collect$$rtexit$$00000000)
    __rt_exit_ls                             0x0000016b   Thumb Code     0  rtexit2.o(.ARM.Collect$$rtexit$$00000003)
    __rt_exit_prels_1                        0x0000016b   Thumb Code     0  rtexit2.o(.ARM.Collect$$rtexit$$00000002)
    __rt_exit_exit                           0x0000016f   Thumb Code     0  rtexit2.o(.ARM.Collect$$rtexit$$00000004)
    rand                                     0x00000175   Thumb Code    48  rand.o(.emb_text)
    Reset_Handler                            0x000001a9   Thumb Code     8  startup_lpc17xx.o(.text)
    NMI_Handler                              0x000001b1   Thumb Code     2  startup_lpc17xx.o(.text)
    HardFault_Handler                        0x000001b3   Thumb Code     2  startup_lpc17xx.o(.text)
    MemManage_Handler                        0x000001b5   Thumb Code     2  startup_lpc17xx.o(.text)
    BusFault_Handler                         0x000001b7   Thumb Code     2  startup_lpc17xx.o(.text)
    UsageFault_Handler                       0x000001b9   Thumb Code     2  startup_lpc17xx.o(.text)
    SVC_Handler                              0x000001bb   Thumb Code     2  startup_lpc17xx.o(.text)
    DebugMon_Handler                         0x000001bd   Thumb Code     2  startup_lpc17xx.o(.text)
    PendSV_Handler                           0x000001bf   Thumb Code     2  startup_lpc17xx.o(.text)
    ADC_IRQHandler                           0x000001c3   Thumb Code     0  startup_lpc17xx.o(.text)
    BOD_IRQHandler                           0x000001c3   Thumb Code     0  startup_lpc17xx.o(.text)
    CANActivity_IRQHandler                   0x000001c3   Thumb Code     0  startup_lpc17xx.o(.text)
    CAN_IRQHandler                           0x000001c3   Thumb Code     0  startup_lpc17xx.o(.text)
    DMA_IRQHandler                           0x000001c3   Thumb Code     0  startup_lpc17xx.o(.text)
    EINT0_IRQHandler                         0x000001c3   Thumb Code     0  startup_lpc17xx.o(.text)
    EINT1_IRQHandler                         0x000001c3   Thumb Code     0  startup_lpc17xx.o(.text)
    EINT2_IRQHandler                         0x000001c3   Thumb Code     0  startup_lpc17xx.o(.text)
    EINT3_IRQHandler                         0x000001c3   Thumb Code     0  startup_lpc17xx.o(.text)
    ENET_IRQHandler                          0x000001c3   Thumb Code     0  startup_lpc17xx.o(.text)
    I2C0_IRQHandler                          0x000001c3   Thumb Code     0  startup_lpc17xx.o(.text)
    I2C1_IRQHandler                          0x000001c3   Thumb Code     0  startup_lpc17xx.o(.text)
    I2C2_IRQHandler                          0x000001c3   Thumb Code     0  startup_lpc17xx.o(.text)
    I2S_IRQHandler                           0x000001c3   Thumb Code     0  startup_lpc17xx.o(.text)
    MCPWM_IRQHandler                         0x000001c3   Thumb Code     0  startup_lpc17xx.o(.text)
    PLL0_IRQHandler                          0x000001c3   Thumb Code     0  startup_lpc17xx.o(.text)
    PLL1_IRQHandler                          0x000001c3   Thumb Code     0  startup_lpc17xx.o(.text)
    PWM1_IRQHandler                          0x000001c3   Thumb Code     0  startup_lpc17xx.o(.text)
    QEI_IRQHandler                           0x000001c3   Thumb Code     0  startup_lpc17xx.o(.text)
    RIT_IRQHandler                           0x000001c3   Thumb Code     0  startup_lpc17xx.o(.text)
    RTC_IRQHandler                           0x000001c3   Thumb Code     0  startup_lpc17xx.o(.text)
    SPI_IRQHandler                           0x000001c3   Thumb Code     0  startup_lpc17xx.o(.text)
    SSP0_IRQHandler                          0x000001c3   Thumb Code     0  startup_lpc17xx.o(.text)
    SSP1_IRQHandler                          0x000001c3   Thumb Code     0  startup_lpc17xx.o(.text)
    TIMER1_IRQHandler                        0x000001c3   Thumb Code     0  startup_lpc17xx.o(.text)
    TIMER2_IRQHandler                        0x000001c3   Thumb Code     0  startup_lpc17xx.o(.text)
    TIMER3_IRQHandler                        0x000001c3   Thumb Code     0  startup_lpc17xx.o(.text)
    UART0_IRQHandler                         0x000001c3   Thumb Code     0  startup_lpc17xx.o(.text)
    UART1_IRQHandler                         0x000001c3   Thumb Code     0  startup_lpc17xx.o(.text)
    UART2_IRQHandler                         0x000001c3   Thumb Code     0  startup_lpc17xx.o(.text)
    UART3_IRQHandler                         0x000001c3   Thumb Code     0  startup_lpc17xx.o(.text)
    USBActivity_IRQHandler                   0x000001c3   Thumb Code     0  startup_lpc17xx.o(.text)
    WDT_IRQHandler                           0x000001c3   Thumb Code     0  startup_lpc17xx.o(.text)
    __user_initial_stackheap                 0x000001c5   Thumb Code     0  startup_lpc17xx.o(.text)
    SysTick_Handler                          0x000001e5   Thumb Code   108  irq.o(.text)
    KBD_Init                                 0x00000261   Thumb Code    42  kbd.o(.text)
    KBD_get                                  0x0000028b   Thumb Code    12  kbd.o(.text)
    get_button                               0x00000297   Thumb Code    20  kbd.o(.text)
    __2sprintf                               0x000002bd   Thumb Code    34  noretval__2sprintf.o(.text)
    __use_two_region_memory                  0x000002e5   Thumb Code     2  heapauxi.o(.text)
    __rt_heap_escrow$2region                 0x000002e7   Thumb Code     2  heapauxi.o(.text)
    __rt_heap_expand$2region                 0x000002e9   Thumb Code     2  heapauxi.o(.text)
    _sputc                                   0x000002eb   Thumb Code    10  _sputc.o(.text)
    __user_libspace                          0x000002f5   Thumb Code     8  libspace.o(.text)
    __user_perproc_libspace                  0x000002f5   Thumb Code     0  libspace.o(.text)
    __user_perthread_libspace                0x000002f5   Thumb Code     0  libspace.o(.text)
    SystemCoreClockUpdate                    0x00000301   Thumb Code   408  system_lpc17xx.o(.text)
    SystemInit                               0x00000499   Thumb Code   314  system_lpc17xx.o(.text)
    SystemClockUpdate                        0x000005d3   Thumb Code   332  system_lpc17xx.o(.text)
    GLCD_Init                                0x000008c1   Thumb Code  1506  glcd_spi_lpc1700.o(.text)
    GLCD_SetWindow                           0x00000ea3   Thumb Code   168  glcd_spi_lpc1700.o(.text)
    GLCD_WindowMax                           0x00000f4b   Thumb Code    26  glcd_spi_lpc1700.o(.text)
    GLCD_PutPixel                            0x00000f65   Thumb Code   118  glcd_spi_lpc1700.o(.text)
    GLCD_SetTextColor                        0x00000fdb   Thumb Code     6  glcd_spi_lpc1700.o(.text)
    GLCD_SetBackColor                        0x00000fe1   Thumb Code     6  glcd_spi_lpc1700.o(.text)
    GLCD_Clear                               0x00000fe7   Thumb Code    42  glcd_spi_lpc1700.o(.text)
    GLCD_DrawChar                            0x00001011   Thumb Code   150  glcd_spi_lpc1700.o(.text)
    GLCD_DisplayChar                         0x000010a7   Thumb Code    84  glcd_spi_lpc1700.o(.text)
    GLCD_DisplayString                       0x000010fb   Thumb Code    40  glcd_spi_lpc1700.o(.text)
    GLCD_ClearLn                             0x00001123   Thumb Code    94  glcd_spi_lpc1700.o(.text)
    GLCD_Bargraph                            0x00001181   Thumb Code    98  glcd_spi_lpc1700.o(.text)
    GLCD_Bitmap                              0x000011e3   Thumb Code    82  glcd_spi_lpc1700.o(.text)
    GLCD_ScrollVertical                      0x00001235   Thumb Code     2  glcd_spi_lpc1700.o(.text)
    GLCD_WrCmd                               0x00001237   Thumb Code    12  glcd_spi_lpc1700.o(.text)
    GLCD_WrReg                               0x00001243   Thumb Code    16  glcd_spi_lpc1700.o(.text)
    delay                                    0x000012c5   Thumb Code    14  media_center.o(.text)
    Media_Center                             0x000012d3   Thumb Code   508  media_center.o(.text)
    MP3_Player2                              0x000014cf   Thumb Code    34  media_center.o(.text)
    main                                     0x000014f1   Thumb Code    18  media_center.o(.text)
    delay2                                   0x000015c9   Thumb Code    14  photo_gallery.o(.text)
    Photo_Gallery                            0x000015d7   Thumb Code   550  photo_gallery.o(.text)
    Photo_Viewer                             0x00001885   Thumb Code   288  photo_viewer.o(.text)
    delay3                                   0x000019fd   Thumb Code    14  game.o(.text)
    Game_Start                               0x00001a0b   Thumb Code  1628  game.o(.text)
    Game_Init                                0x00002067   Thumb Code   120  game.o(.text)
    get_potval                               0x00002195   Thumb Code    58  usbdmain.o(.text)
    TIMER0_IRQHandler                        0x000021cf   Thumb Code   252  usbdmain.o(.text)
    MP3_Player                               0x000022cb   Thumb Code   206  usbdmain.o(.text)
    ADC_IF_GetRequest                        0x000023f5   Thumb Code   128  adcuser.o(.text)
    ADC_IF_SetRequest                        0x00002475   Thumb Code    80  adcuser.o(.text)
    ADC_EP_GetRequest                        0x000024c5   Thumb Code     4  adcuser.o(.text)
    ADC_EP_SetRequest                        0x000024c9   Thumb Code     4  adcuser.o(.text)
    USB_ResetCore                            0x000024dd   Thumb Code    34  usbcore.o(.text)
    USB_SetupStage                           0x000024ff   Thumb Code    12  usbcore.o(.text)
    USB_DataInStage                          0x0000250b   Thumb Code    52  usbcore.o(.text)
    USB_DataOutStage                         0x0000253f   Thumb Code    34  usbcore.o(.text)
    USB_StatusInStage                        0x00002561   Thumb Code    14  usbcore.o(.text)
    USB_StatusOutStage                       0x0000256f   Thumb Code    12  usbcore.o(.text)
    USB_EndPoint0                            0x0000257b   Thumb Code   786  usbcore.o(.text)
    EPAdr                                    0x000028b9   Thumb Code    16  usbhw.o(.text)
    WrCmd                                    0x000028c9   Thumb Code    30  usbhw.o(.text)
    WrCmdDat                                 0x000028e7   Thumb Code    58  usbhw.o(.text)
    WrCmdEP                                  0x00002921   Thumb Code    78  usbhw.o(.text)
    RdCmdDat                                 0x0000296f   Thumb Code    38  usbhw.o(.text)
    USB_SetAddress                           0x00002995   Thumb Code    42  usbhw.o(.text)
    USB_Reset                                0x000029bf   Thumb Code   174  usbhw.o(.text)
    USB_Init                                 0x00002a6d   Thumb Code   138  usbhw.o(.text)
    USB_Connect                              0x00002af7   Thumb Code    28  usbhw.o(.text)
    USB_Suspend                              0x00002b13   Thumb Code     2  usbhw.o(.text)
    USB_Resume                               0x00002b15   Thumb Code     2  usbhw.o(.text)
    USB_WakeUp                               0x00002b17   Thumb Code    22  usbhw.o(.text)
    USB_WakeUpCfg                            0x00002b2d   Thumb Code     2  usbhw.o(.text)
    USB_Configure                            0x00002b2f   Thumb Code    60  usbhw.o(.text)
    USB_ConfigEP                             0x00002b6b   Thumb Code    68  usbhw.o(.text)
    USB_DirCtrlEP                            0x00002baf   Thumb Code     2  usbhw.o(.text)
    USB_EnableEP                             0x00002bb1   Thumb Code    26  usbhw.o(.text)
    USB_DisableEP                            0x00002bcb   Thumb Code    26  usbhw.o(.text)
    USB_ResetEP                              0x00002be5   Thumb Code    26  usbhw.o(.text)
    USB_SetStallEP                           0x00002bff   Thumb Code    26  usbhw.o(.text)
    USB_ClrStallEP                           0x00002c19   Thumb Code    26  usbhw.o(.text)
    USB_ClearEPBuf                           0x00002c33   Thumb Code    14  usbhw.o(.text)
    USB_ReadEP                               0x00002c41   Thumb Code    98  usbhw.o(.text)
    USB_WriteEP                              0x00002ca3   Thumb Code   148  usbhw.o(.text)
    USB_DMA_Setup                            0x00002d37   Thumb Code   248  usbhw.o(.text)
    USB_DMA_Enable                           0x00002e2f   Thumb Code    22  usbhw.o(.text)
    USB_DMA_Disable                          0x00002e45   Thumb Code    22  usbhw.o(.text)
    USB_DMA_Status                           0x00002e5b   Thumb Code    76  usbhw.o(.text)
    USB_DMA_BufAdr                           0x00002ea7   Thumb Code    30  usbhw.o(.text)
    USB_DMA_BufCnt                           0x00002ec5   Thumb Code    30  usbhw.o(.text)
    USB_GetFrame                             0x00002ee3   Thumb Code    30  usbhw.o(.text)
    USB_IRQHandler                           0x00002f01   Thumb Code   576  usbhw.o(.text)
    USB_Reset_Event                          0x00003141   Thumb Code     8  usbuser.o(.text)
    USB_SOF_Event                            0x00003149   Thumb Code     2  usbuser.o(.text)
    USB_EndPoint1                            0x0000314b   Thumb Code     2  usbuser.o(.text)
    USB_EndPoint2                            0x0000314d   Thumb Code     2  usbuser.o(.text)
    USB_EndPoint3                            0x0000314f   Thumb Code   164  usbuser.o(.text)
    USB_EndPoint4                            0x000031f3   Thumb Code     2  usbuser.o(.text)
    USB_EndPoint5                            0x000031f5   Thumb Code     2  usbuser.o(.text)
    USB_EndPoint6                            0x000031f7   Thumb Code     2  usbuser.o(.text)
    USB_EndPoint7                            0x000031f9   Thumb Code     2  usbuser.o(.text)
    USB_EndPoint8                            0x000031fb   Thumb Code     2  usbuser.o(.text)
    USB_EndPoint9                            0x000031fd   Thumb Code     2  usbuser.o(.text)
    USB_EndPoint10                           0x000031ff   Thumb Code     2  usbuser.o(.text)
    USB_EndPoint11                           0x00003201   Thumb Code     2  usbuser.o(.text)
    USB_EndPoint12                           0x00003203   Thumb Code     2  usbuser.o(.text)
    USB_EndPoint13                           0x00003205   Thumb Code     2  usbuser.o(.text)
    USB_EndPoint14                           0x00003207   Thumb Code     2  usbuser.o(.text)
    USB_EndPoint15                           0x00003209   Thumb Code     2  usbuser.o(.text)
    __aeabi_uldivmod                         0x00003221   Thumb Code     0  lludivv7m.o(.text)
    _ll_udiv                                 0x00003221   Thumb Code   238  lludivv7m.o(.text)
    __printf                                 0x0000330f   Thumb Code   104  __printf.o(.text)
    _printf_int_dec                          0x00003379   Thumb Code   104  _printf_dec.o(.text)
    srand                                    0x000033f1   Thumb Code    42  rand.o(.text)
    _rand_init                               0x0000341b   Thumb Code     4  rand.o(.text)
    _printf_int_common                       0x0000342d   Thumb Code   178  _printf_intcommon.o(.text)
    _printf_char_common                      0x000034eb   Thumb Code    32  _printf_char_common.o(.text)
    __user_setup_stackheap                   0x00003511   Thumb Code    74  sys_stackheap_outer.o(.text)
    exit                                     0x0000355b   Thumb Code    18  exit.o(.text)
    _sys_exit                                0x0000356d   Thumb Code     8  sys_exit.o(.text)
    __I$use$semihosting                      0x00003579   Thumb Code     0  use_no_semi.o(.text)
    __use_no_semihosting_swi                 0x00003579   Thumb Code     2  use_no_semi.o(.text)
    __semihosting_library_function           0x0000357b   Thumb Code     0  indicate_semi.o(.text)
    USB_ReqGetDescriptor                     0x0000357d   Thumb Code   164  usbcore.o(i.USB_ReqGetDescriptor)
    USB_ReqGetStatus                         0x00003635   Thumb Code   160  usbcore.o(i.USB_ReqGetStatus)
    USB_ReqSetClrFeature                     0x000036f5   Thumb Code   210  usbcore.o(i.USB_ReqSetClrFeature)
    USB_ReqSetConfiguration                  0x000037e1   Thumb Code   402  usbcore.o(i.USB_ReqSetConfiguration)
    USB_ReqSetInterface                      0x00003999   Thumb Code   278  usbcore.o(i.USB_ReqSetInterface)
    Font_6x8_h                               0x00003ac8   Data         896  glcd_spi_lpc1700.o(.constdata)
    Font_16x24_h                             0x00003e48   Data        5376  glcd_spi_lpc1700.o(.constdata)
    BLUE_JAYS                                0x00005348   Data       51201  blue_jays.o(.constdata)
    RAPTORS                                  0x00011b49   Data       51201  raptors.o(.constdata)
    MAPLE_LEAFS                              0x0001e34a   Data       51201  maple_leafs.o(.constdata)
    MARIO                                    0x0002ab4b   Data       51201  mario.o(.constdata)
    USB_DeviceDescriptor                     0x0003734c   Data          18  usbdesc.o(.constdata)
    USB_ConfigDescriptor                     0x0003735e   Data         110  usbdesc.o(.constdata)
    USB_StringDescriptor                     0x000373cc   Data         100  usbdesc.o(.constdata)
    DDAdr                                    0x00037430   Data           8  usbhw.o(.constdata)
    DDSz                                     0x00037438   Data           8  usbhw.o(.constdata)
    USB_P_EP                                 0x00037440   Data          64  usbuser.o(.constdata)
    Region$$Table$$Base                      0x00037480   Number         0  anon$$obj.o(Region$$Table)
    Region$$Table$$Limit                     0x000374a0   Number         0  anon$$obj.o(Region$$Table)
    SystemCoreClock                          0x10000000   Data           4  system_lpc17xx.o(.data)
    SystemFrequency                          0x10000004   Data           4  system_lpc17xx.o(.data)
    ticks                                    0x10000010   Data           4  irq.o(.data)
    ClockLEDOn                               0x10000014   Data           1  irq.o(.data)
    ClockLEDOff                              0x10000015   Data           1  irq.o(.data)
    ClockANI                                 0x10000016   Data           1  irq.o(.data)
    sel                                      0x10000018   Data           4  media_center.o(.data)
    music                                    0x1000001c   Data           4  media_center.o(.data)
    k                                        0x10000020   Data           4  media_center.o(.data)
    selection2                               0x10000024   Data           4  photo_gallery.o(.data)
    score                                    0x10000028   Data           4  game.o(.data)
    playerx                                  0x1000002c   Data           4  game.o(.data)
    playery                                  0x10000030   Data           4  game.o(.data)
    objx                                     0x10000034   Data           4  game.o(.data)
    objy                                     0x10000038   Data           4  game.o(.data)
    randy                                    0x1000003c   Data           4  game.o(.data)
    obj2x                                    0x10000040   Data           4  game.o(.data)
    obj2y                                    0x10000044   Data           4  game.o(.data)
    rand2y                                   0x10000048   Data           4  game.o(.data)
    obj3x                                    0x1000004c   Data           4  game.o(.data)
    obj3y                                    0x10000050   Data           4  game.o(.data)
    rand3y                                   0x10000054   Data           4  game.o(.data)
    obj4x                                    0x10000058   Data           4  game.o(.data)
    obj4y                                    0x1000005c   Data           4  game.o(.data)
    rand4y                                   0x10000060   Data           4  game.o(.data)
    Mute                                     0x10000064   Data           1  usbdmain.o(.data)
    Volume                                   0x10000068   Data           4  usbdmain.o(.data)
    InfoBuf                                  0x1000006c   Data           4  usbdmain.o(.data)
    DataBuf                                  0x10000070   Data           4  usbdmain.o(.data)
    DataOut                                  0x10000074   Data           2  usbdmain.o(.data)
    DataIn                                   0x10000076   Data           2  usbdmain.o(.data)
    DataRun                                  0x10000078   Data           1  usbdmain.o(.data)
    PotVal                                   0x1000007a   Data           2  usbdmain.o(.data)
    VUM                                      0x1000007c   Data           4  usbdmain.o(.data)
    Tick                                     0x10000080   Data           4  usbdmain.o(.data)
    VolCur                                   0x10000084   Data           2  adcuser.o(.data)
    USB_DeviceStatus                         0x10000088   Data           2  usbcore.o(.data)
    USB_DeviceAddress                        0x1000008a   Data           1  usbcore.o(.data)
    USB_Configuration                        0x1000008b   Data           1  usbcore.o(.data)
    USB_EndPointMask                         0x1000008c   Data           4  usbcore.o(.data)
    USB_EndPointHalt                         0x10000090   Data           4  usbcore.o(.data)
    USB_EndPointStall                        0x10000094   Data           4  usbcore.o(.data)
    USB_NumInterfaces                        0x10000098   Data           1  usbcore.o(.data)
    USB_AltSetting                           0x10000099   Data           4  usbcore.o(.data)
    EP0Data                                  0x100000a0   Data           8  usbcore.o(.data)
    SetupPacket                              0x100000a8   Data           8  usbcore.o(.data)
    DDMemMap                                 0x100000b0   Data           8  usbhw.o(.data)
    score_text                               0x100000b8   Data          20  game.o(.bss)
    EP0Buf                                   0x100000cc   Data          64  usbcore.o(.bss)
    udca                                     0x1000010c   Data         128  usbhw.o(.bss)
    _random_number_data                      0x1000018c   Data         228  rand.o(.bss)
    __libspace_start                         0x10000270   Data          96  libspace.o(.bss)
    __temporary_stack_top$libspace           0x100002d0   Data           0  libspace.o(.bss)
    UDCA                                     0x100004d0   Data         128  usbhw.o(USB_RAM)
    DD_NISO_Mem                              0x10000550   Data         256  usbhw.o(USB_RAM)
    DD_ISO_Mem                               0x10000650   Data         160  usbhw.o(USB_RAM)



==============================================================================

Memory Map of the image

  Image Entry point : 0x000000cd

  Load Region LR_IROM1 (Base: 0x00000000, Size: 0x00037558, Max: 0x00080000, ABSOLUTE)

    Execution Region ER_IROM1 (Exec base: 0x00000000, Load base: 0x00000000, Size: 0x000374a0, Max: 0x00080000, ABSOLUTE)

    Exec Addr    Load Addr    Size         Type   Attr      Idx    E Section Name        Object

    0x00000000   0x00000000   0x000000cc   Data   RO            3    RESET               startup_lpc17xx.o
    0x000000cc   0x000000cc   0x00000008   Code   RO          566  * !!!main             c_w.l(__main.o)
    0x000000d4   0x000000d4   0x00000034   Code   RO          742    !!!scatter          c_w.l(__scatter.o)
    0x00000108   0x00000108   0x0000001a   Code   RO          744    !!handler_copy      c_w.l(__scatter_copy.o)
    0x00000122   0x00000122   0x00000002   PAD
    0x00000124   0x00000124   0x0000001c   Code   RO          746    !!handler_zi        c_w.l(__scatter_zi.o)
    0x00000140   0x00000140   0x00000000   Code   RO          558    .ARM.Collect$$_printf_percent$$00000000  c_w.l(_printf_percent.o)
    0x00000140   0x00000140   0x00000006   Code   RO          557    .ARM.Collect$$_printf_percent$$00000009  c_w.l(_printf_d.o)
    0x00000146   0x00000146   0x00000004   Code   RO          579    .ARM.Collect$$_printf_percent$$00000017  c_w.l(_printf_percent_end.o)
    0x0000014a   0x0000014a   0x00000002   Code   RO          665    .ARM.Collect$$libinit$$00000000  c_w.l(libinit.o)
    0x0000014c   0x0000014c   0x00000000   Code   RO          581    .ARM.Collect$$libinit$$00000002  c_w.l(libinit2.o)
    0x0000014c   0x0000014c   0x00000000   Code   RO          583    .ARM.Collect$$libinit$$00000004  c_w.l(libinit2.o)
    0x0000014c   0x0000014c   0x00000000   Code   RO          586    .ARM.Collect$$libinit$$0000000A  c_w.l(libinit2.o)
    0x0000014c   0x0000014c   0x00000000   Code   RO          588    .ARM.Collect$$libinit$$0000000C  c_w.l(libinit2.o)
    0x0000014c   0x0000014c   0x00000004   Code   RO          589    .ARM.Collect$$libinit$$0000000D  c_w.l(libinit2.o)
    0x00000150   0x00000150   0x00000000   Code   RO          590    .ARM.Collect$$libinit$$0000000E  c_w.l(libinit2.o)
    0x00000150   0x00000150   0x00000000   Code   RO          593    .ARM.Collect$$libinit$$00000011  c_w.l(libinit2.o)
    0x00000150   0x00000150   0x00000000   Code   RO          595    .ARM.Collect$$libinit$$00000013  c_w.l(libinit2.o)
    0x00000150   0x00000150   0x00000000   Code   RO          597    .ARM.Collect$$libinit$$00000015  c_w.l(libinit2.o)
    0x00000150   0x00000150   0x00000000   Code   RO          599    .ARM.Collect$$libinit$$00000017  c_w.l(libinit2.o)
    0x00000150   0x00000150   0x00000000   Code   RO          601    .ARM.Collect$$libinit$$00000019  c_w.l(libinit2.o)
    0x00000150   0x00000150   0x00000000   Code   RO          603    .ARM.Collect$$libinit$$0000001B  c_w.l(libinit2.o)
    0x00000150   0x00000150   0x00000000   Code   RO          605    .ARM.Collect$$libinit$$0000001D  c_w.l(libinit2.o)
    0x00000150   0x00000150   0x00000000   Code   RO          607    .ARM.Collect$$libinit$$0000001F  c_w.l(libinit2.o)
    0x00000150   0x00000150   0x00000000   Code   RO          609    .ARM.Collect$$libinit$$00000021  c_w.l(libinit2.o)
    0x00000150   0x00000150   0x00000000   Code   RO          611    .ARM.Collect$$libinit$$00000023  c_w.l(libinit2.o)
    0x00000150   0x00000150   0x00000000   Code   RO          613    .ARM.Collect$$libinit$$00000025  c_w.l(libinit2.o)
    0x00000150   0x00000150   0x00000000   Code   RO          617    .ARM.Collect$$libinit$$0000002C  c_w.l(libinit2.o)
    0x00000150   0x00000150   0x00000000   Code   RO          619    .ARM.Collect$$libinit$$0000002E  c_w.l(libinit2.o)
    0x00000150   0x00000150   0x00000000   Code   RO          621    .ARM.Collect$$libinit$$00000030  c_w.l(libinit2.o)
    0x00000150   0x00000150   0x00000000   Code   RO          623    .ARM.Collect$$libinit$$00000032  c_w.l(libinit2.o)
    0x00000150   0x00000150   0x00000002   Code   RO          624    .ARM.Collect$$libinit$$00000033  c_w.l(libinit2.o)
    0x00000152   0x00000152   0x00000002   Code   RO          709    .ARM.Collect$$libshutdown$$00000000  c_w.l(libshutdown.o)
    0x00000154   0x00000154   0x00000000   Code   RO          725    .ARM.Collect$$libshutdown$$00000002  c_w.l(libshutdown2.o)
    0x00000154   0x00000154   0x00000000   Code   RO          727    .ARM.Collect$$libshutdown$$00000004  c_w.l(libshutdown2.o)
    0x00000154   0x00000154   0x00000000   Code   RO          730    .ARM.Collect$$libshutdown$$00000007  c_w.l(libshutdown2.o)
    0x00000154   0x00000154   0x00000000   Code   RO          733    .ARM.Collect$$libshutdown$$0000000A  c_w.l(libshutdown2.o)
    0x00000154   0x00000154   0x00000000   Code   RO          735    .ARM.Collect$$libshutdown$$0000000C  c_w.l(libshutdown2.o)
    0x00000154   0x00000154   0x00000000   Code   RO          738    .ARM.Collect$$libshutdown$$0000000F  c_w.l(libshutdown2.o)
    0x00000154   0x00000154   0x00000002   Code   RO          739    .ARM.Collect$$libshutdown$$00000010  c_w.l(libshutdown2.o)
    0x00000156   0x00000156   0x00000000   Code   RO          568    .ARM.Collect$$rtentry$$00000000  c_w.l(__rtentry.o)
    0x00000156   0x00000156   0x00000000   Code   RO          626    .ARM.Collect$$rtentry$$00000002  c_w.l(__rtentry2.o)
    0x00000156   0x00000156   0x00000006   Code   RO          638    .ARM.Collect$$rtentry$$00000004  c_w.l(__rtentry4.o)
    0x0000015c   0x0000015c   0x00000000   Code   RO          628    .ARM.Collect$$rtentry$$00000009  c_w.l(__rtentry2.o)
    0x0000015c   0x0000015c   0x00000004   Code   RO          629    .ARM.Collect$$rtentry$$0000000A  c_w.l(__rtentry2.o)
    0x00000160   0x00000160   0x00000000   Code   RO          631    .ARM.Collect$$rtentry$$0000000C  c_w.l(__rtentry2.o)
    0x00000160   0x00000160   0x00000008   Code   RO          632    .ARM.Collect$$rtentry$$0000000D  c_w.l(__rtentry2.o)
    0x00000168   0x00000168   0x00000002   Code   RO          671    .ARM.Collect$$rtexit$$00000000  c_w.l(rtexit.o)
    0x0000016a   0x0000016a   0x00000000   Code   RO          691    .ARM.Collect$$rtexit$$00000002  c_w.l(rtexit2.o)
    0x0000016a   0x0000016a   0x00000004   Code   RO          692    .ARM.Collect$$rtexit$$00000003  c_w.l(rtexit2.o)
    0x0000016e   0x0000016e   0x00000006   Code   RO          693    .ARM.Collect$$rtexit$$00000004  c_w.l(rtexit2.o)
    0x00000174   0x00000174   0x00000034   Code   RO          559    .emb_text           c_w.l(rand.o)
    0x000001a8   0x000001a8   0x0000003c   Code   RO            5    .text               startup_lpc17xx.o
    0x000001e4   0x000001e4   0x0000007c   Code   RO          101    .text               irq.o
    0x00000260   0x00000260   0x0000005c   Code   RO          143    .text               kbd.o
    0x000002bc   0x000002bc   0x00000028   Code   RO          531    .text               c_w.l(noretval__2sprintf.o)
    0x000002e4   0x000002e4   0x00000006   Code   RO          564    .text               c_w.l(heapauxi.o)
    0x000002ea   0x000002ea   0x0000000a   Code   RO          577    .text               c_w.l(_sputc.o)
    0x000002f4   0x000002f4   0x00000008   Code   RO          668    .text               c_w.l(libspace.o)
    0x000002fc   0x000002fc   0x00000004   Code   RO            4    .ARM.__at_0x02FC    startup_lpc17xx.o
    0x00000300   0x00000300   0x00000428   Code   RO           13    .text               system_lpc17xx.o
    0x00000728   0x00000728   0x00000b9c   Code   RO           53    .text               glcd_spi_lpc1700.o
    0x000012c4   0x000012c4   0x00000304   Code   RO          180    .text               media_center.o
    0x000015c8   0x000015c8   0x000002bc   Code   RO          283    .text               photo_gallery.o
    0x00001884   0x00001884   0x00000178   Code   RO          313    .text               photo_viewer.o
    0x000019fc   0x000019fc   0x00000798   Code   RO          332    .text               game.o
    0x00002194   0x00002194   0x00000260   Code   RO          354    .text               usbdmain.o
    0x000023f4   0x000023f4   0x000000e8   Code   RO          379    .text               adcuser.o
    0x000024dc   0x000024dc   0x000003dc   Code   RO          405    .text               usbcore.o
    0x000028b8   0x000028b8   0x00000888   Code   RO          483    .text               usbhw.o
    0x00003140   0x00003140   0x000000e0   Code   RO          507    .text               usbuser.o
    0x00003220   0x00003220   0x000000ee   Code   RO          527    .text               c_w.l(lludivv7m.o)
    0x0000330e   0x0000330e   0x00000068   Code   RO          533    .text               c_w.l(__printf.o)
    0x00003376   0x00003376   0x00000002   PAD
    0x00003378   0x00003378   0x00000078   Code   RO          535    .text               c_w.l(_printf_dec.o)
    0x000033f0   0x000033f0   0x0000003c   Code   RO          560    .text               c_w.l(rand.o)
    0x0000342c   0x0000342c   0x000000b2   Code   RO          573    .text               c_w.l(_printf_intcommon.o)
    0x000034de   0x000034de   0x00000002   PAD
    0x000034e0   0x000034e0   0x00000030   Code   RO          575    .text               c_w.l(_printf_char_common.o)
    0x00003510   0x00003510   0x0000004a   Code   RO          648    .text               c_w.l(sys_stackheap_outer.o)
    0x0000355a   0x0000355a   0x00000012   Code   RO          650    .text               c_w.l(exit.o)
    0x0000356c   0x0000356c   0x0000000c   Code   RO          685    .text               c_w.l(sys_exit.o)
    0x00003578   0x00003578   0x00000002   Code   RO          687    .text               c_w.l(use_no_semi.o)
    0x0000357a   0x0000357a   0x00000000   Code   RO          689    .text               c_w.l(indicate_semi.o)
    0x0000357a   0x0000357a   0x00000002   PAD
    0x0000357c   0x0000357c   0x000000b8   Code   RO          430    i.USB_ReqGetDescriptor  usbcore.o
    0x00003634   0x00003634   0x000000c0   Code   RO          418    i.USB_ReqGetStatus  usbcore.o
    0x000036f4   0x000036f4   0x000000ec   Code   RO          424    i.USB_ReqSetClrFeature  usbcore.o
    0x000037e0   0x000037e0   0x000001b8   Code   RO          436    i.USB_ReqSetConfiguration  usbcore.o
    0x00003998   0x00003998   0x00000130   Code   RO          442    i.USB_ReqSetInterface  usbcore.o
    0x00003ac8   0x00003ac8   0x00001880   Data   RO           54    .constdata          glcd_spi_lpc1700.o
    0x00005348   0x00005348   0x0000c801   Data   RO          245    .constdata          blue_jays.o
    0x00011b49   0x00011b49   0x0000c801   Data   RO          254    .constdata          raptors.o
    0x0001e34a   0x0001e34a   0x0000c801   Data   RO          263    .constdata          maple_leafs.o
    0x0002ab4b   0x0002ab4b   0x0000c801   Data   RO          272    .constdata          mario.o
    0x0003734c   0x0003734c   0x000000e4   Data   RO          471    .constdata          usbdesc.o
    0x00037430   0x00037430   0x00000010   Data   RO          485    .constdata          usbhw.o
    0x00037440   0x00037440   0x00000040   Data   RO          508    .constdata          usbuser.o
    0x00037480   0x00037480   0x00000020   Data   RO          740    Region$$Table       anon$$obj.o


    Execution Region RW_IRAM1 (Exec base: 0x10000000, Load base: 0x000374a0, Size: 0x000006f0, Max: 0x00008000, ABSOLUTE)

    Exec Addr    Load Addr    Size         Type   Attr      Idx    E Section Name        Object

    0x10000000   0x000374a0   0x00000008   Data   RW           14    .data               system_lpc17xx.o
    0x10000008   0x000374a8   0x00000005   Data   RW           55    .data               glcd_spi_lpc1700.o
    0x1000000d   0x000374ad   0x00000003   PAD
    0x10000010   0x000374b0   0x00000007   Data   RW          102    .data               irq.o
    0x10000017   0x000374b7   0x00000001   PAD
    0x10000018   0x000374b8   0x0000000c   Data   RW          181    .data               media_center.o
    0x10000024   0x000374c4   0x00000004   Data   RW          284    .data               photo_gallery.o
    0x10000028   0x000374c8   0x0000003c   Data   RW          334    .data               game.o
    0x10000064   0x00037504   0x00000020   Data   RW          355    .data               usbdmain.o
    0x10000084   0x00037524   0x00000002   Data   RW          381    .data               adcuser.o
    0x10000086   0x00037526   0x00000002   PAD
    0x10000088   0x00037528   0x00000028   Data   RW          407    .data               usbcore.o
    0x100000b0   0x00037550   0x00000008   Data   RW          486    .data               usbhw.o
    0x100000b8        -       0x00000014   Zero   RW          333    .bss                game.o
    0x100000cc        -       0x00000040   Zero   RW          406    .bss                usbcore.o
    0x1000010c        -       0x00000080   Zero   RW          484    .bss                usbhw.o
    0x1000018c        -       0x000000e4   Zero   RW          561    .bss                c_w.l(rand.o)
    0x10000270        -       0x00000060   Zero   RW          669    .bss                c_w.l(libspace.o)
    0x100002d0        -       0x00000000   Zero   RW            2    HEAP                startup_lpc17xx.o
    0x100002d0        -       0x00000200   Zero   RW            1    STACK               startup_lpc17xx.o
    0x100004d0        -       0x00000220   Zero   RW          487    USB_RAM             usbhw.o


==============================================================================

Image component sizes


      Code (inc. data)   RO Data    RW Data    ZI Data      Debug   Object Name

       232         16          0          2          0       1632   adcuser.o
         0          0      51201          0          0        600   blue_jays.o
      1944        252          0         60         20       2390   game.o
      2972         52       6272          5          0       9444   glcd_spi_lpc1700.o
       124         16          0          7          0        750   irq.o
        92         18          0          0          0      17422   kbd.o
         0          0      51201          0          0        618   maple_leafs.o
         0          0      51201          0          0        560   mario.o
       772        176          0         12          0      30963   media_center.o
       700        136          0          4          0       1116   photo_gallery.o
       376         88          0          0          0        631   photo_viewer.o
         0          0      51201          0          0        578   raptors.o
        64         26        204          0        512        976   startup_lpc17xx.o
      1064         42          0          8          0      20979   system_lpc17xx.o
      2344        206          0         40         64       8319   usbcore.o
         0          0        228          0          0        641   usbdesc.o
       608         74          0         32          0       7007   usbdmain.o
      2184        140         16          8        672      13419   usbhw.o
       224         22         64          0          0       3247   usbuser.o

    ----------------------------------------------------------------------
     13700       1264     211620        184       1268     121292   Object Totals
         0          0         32          0          0          0   (incl. Generated)
         0          0          0          6          0          0   (incl. Padding)

    ----------------------------------------------------------------------

      Code (inc. data)   RO Data    RW Data    ZI Data      Debug   Library Member Name

         8          0          0          0          0         68   __main.o
       104          0          0          0          0         84   __printf.o
         0          0          0          0          0          0   __rtentry.o
        12          0          0          0          0          0   __rtentry2.o
         6          0          0          0          0          0   __rtentry4.o
        52          8          0          0          0          0   __scatter.o
        26          0          0          0          0          0   __scatter_copy.o
        28          0          0          0          0          0   __scatter_zi.o
        48          6          0          0          0         96   _printf_char_common.o
         6          0          0          0          0          0   _printf_d.o
       120         16          0          0          0         92   _printf_dec.o
       178          0          0          0          0         88   _printf_intcommon.o
         0          0          0          0          0          0   _printf_percent.o
         4          0          0          0          0          0   _printf_percent_end.o
        10          0          0          0          0         68   _sputc.o
        18          0          0          0          0         80   exit.o
         6          0          0          0          0        152   heapauxi.o
         0          0          0          0          0          0   indicate_semi.o
         2          0          0          0          0          0   libinit.o
         6          0          0          0          0          0   libinit2.o
         2          0          0          0          0          0   libshutdown.o
         2          0          0          0          0          0   libshutdown2.o
         8          4          0          0         96         68   libspace.o
       238          0          0          0          0        100   lludivv7m.o
        40          6          0          0          0         84   noretval__2sprintf.o
       112         18          0          0        228        160   rand.o
         2          0          0          0          0          0   rtexit.o
        10          0          0          0          0          0   rtexit2.o
        12          4          0          0          0         68   sys_exit.o
        74          0          0          0          0         80   sys_stackheap_outer.o
         2          0          0          0          0         68   use_no_semi.o

    ----------------------------------------------------------------------
      1144         62          0          0        324       1356   Library Totals
         8          0          0          0          0          0   (incl. Padding)

    ----------------------------------------------------------------------

      Code (inc. data)   RO Data    RW Data    ZI Data      Debug   Library Name

      1136         62          0          0        324       1356   c_w.l

    ----------------------------------------------------------------------
      1144         62          0          0        324       1356   Library Totals

    ----------------------------------------------------------------------

==============================================================================


      Code (inc. data)   RO Data    RW Data    ZI Data      Debug   

     14844       1326     211620        184       1592     120512   Grand Totals
     14844       1326     211620        184       1592     120512   ELF Image Totals
     14844       1326     211620        184          0          0   ROM Totals

==============================================================================

    Total RO  Size (Code + RO Data)               226464 ( 221.16kB)
    Total RW  Size (RW Data + ZI Data)              1776 (   1.73kB)
    Total ROM Size (Code + RO Data + RW Data)     226648 ( 221.34kB)

==============================================================================

